
  test-output.txt:15:05 03 2026 18:14:29.370:INFO [Chrome Headless 
145.0.0.0 (Windows 10)]: Connected on socket 7eD6sedNf-gL_nSwAAAB 
with id 19009362
  test-output.txt:16:Chrome Headless 145.0.0.0 (Windows 10): 
Executed 0 of 212[32m SUCCESS[39m (0 secs / 0 secs)
  test-output.txt:17:[1A[2KChrome Headless 145.0.0.0 (Windows 10): 
Executed 1 of 212[32m SUCCESS[39m (0 secs / 0.144 secs)
> test-output.txt:18:[1A[2K[31mChrome Headless 145.0.0.0 (Windows 
10) LoginComponent onSubmit() should call authService.login with 
form values FAILED[39m
  test-output.txt:19:	Error: 3 timer(s) still in the queue.
  test-output.txt:20:	    at UserContext.apply 
(node_modules/zone.js/fesm2015/zone-testing.js:1719:27)
  test-output.txt:21:	    at _ZoneDelegate.invoke 
(node_modules/zone.js/fesm2015/zone.js:369:28)
  test-output.txt:22:	    at ProxyZoneSpec.onInvoke 
(node_modules/zone.js/fesm2015/zone-testing.js:2081:39)
  test-output.txt:23:	    at _ZoneDelegate.invoke 
(node_modules/zone.js/fesm2015/zone.js:368:34)
  test-output.txt:25:	    at runInTestZone 
(node_modules/zone.js/fesm2015/zone-testing.js:216:38)
  test-output.txt:26:	    at UserContext.<anonymous> 
(node_modules/zone.js/fesm2015/zone-testing.js:234:32)
  test-output.txt:27:	    at <Jasmine>
> test-output.txt:28:Chrome Headless 145.0.0.0 (Windows 10): 
Executed 2 of 212[31m (1 FAILED)[39m (0 secs / 0.215 secs)
> test-output.txt:29:[1A[2KChrome Headless 145.0.0.0 (Windows 10): 
Executed 3 of 212[31m (1 FAILED)[39m (0 secs / 0.229 secs)
> test-output.txt:30:[1A[2KChrome Headless 145.0.0.0 (Windows 10): 
Executed 4 of 212[31m (1 FAILED)[39m (0 secs / 0.244 secs)
> test-output.txt:31:[1A[2KChrome Headless 145.0.0.0 (Windows 10): 
Executed 5 of 212[31m (1 FAILED)[39m (0 secs / 0.255 secs)
> test-output.txt:32:[1A[2KChrome Headless 145.0.0.0 (Windows 10): 
Executed 6 of 212[31m (1 FAILED)[39m (0 secs / 0.268 secs)
> test-output.txt:33:[1A[2KChrome Headless 145.0.0.0 (Windows 10): 
Executed 7 of 212[31m (1 FAILED)[39m (0 secs / 0.278 secs)
> test-output.txt:34:[1A[2KChrome Headless 145.0.0.0 (Windows 10): 
Executed 8 of 212[31m (1 FAILED)[39m (0 secs / 0.289 secs)
> test-output.txt:35:[1A[2KChrome Headless 145.0.0.0 (Windows 10): 
Executed 9 of 212[31m (1 FAILED)[39m (0 secs / 0.299 secs)
> test-output.txt:36:[1A[2KChrome Headless 145.0.0.0 (Windows 10): 
Executed 10 of 212[31m (1 FAILED)[39m (0 secs / 0.31 secs)
> test-output.txt:37:[1A[2KChrome Headless 145.0.0.0 (Windows 10): 
Executed 11 of 212[31m (1 FAILED)[39m (0 secs / 0.319 secs)
> test-output.txt:38:[1A[2KChrome Headless 145.0.0.0 (Windows 10): 
Executed 12 of 212[31m (1 FAILED)[39m (0 secs / 0.331 secs)
> test-output.txt:39:[1A[2KChrome Headless 145.0.0.0 (Windows 10): 
Executed 13 of 212[31m (1 FAILED)[39m (0 secs / 0.335 secs)
> test-output.txt:40:[1A[2KChrome Headless 145.0.0.0 (Windows 10): 
Executed 14 of 212[31m (1 FAILED)[39m (0 secs / 0.339 secs)
> test-output.txt:41:[1A[2KChrome Headless 145.0.0.0 (Windows 10): 
Executed 15 of 212[31m (1 FAILED)[39m (0 secs / 0.342 secs)
> test-output.txt:42:[1A[2KChrome Headless 145.0.0.0 (Windows 10): 
Executed 16 of 212[31m (1 FAILED)[39m (0 secs / 0.348 secs)
  test-output.txt:43:[1A[2KERROR: [36mError: NG04002: Cannot 
match any routes. URL Segment: 'auth/login'
  test-output.txt:44:Error: NG04002: Cannot match any routes. URL 
Segment: 'auth/login'
  test-output.txt:45:    at Recognizer.noMatchError (http://localhost
:9876/_karma_webpack_/webpack:/node_modules/@angular/router/fesm2022/
router.mjs:3780:16)
  test-output.txt:46:    at selector (http://localhost:9876/_karma_we
bpack_/webpack:/node_modules/@angular/router/fesm2022/router.mjs:3810
:28)
  test-output.txt:47:    at onError (http://localhost:9876/_karma_web
pack_/webpack:/node_modules/rxjs/dist/esm/internal/operators/catchErr
or.js:10:39)
  test-output.txt:52:    at OperatorSubscriber._error (http://localho
st:9876/_karma_webpack_/webpack:/node_modules/rxjs/dist/esm/internal/
Subscriber.js:64:30)
  test-output.txt:53:    at OperatorSubscriber.error (http://localhos
t:9876/_karma_webpack_/webpack:/node_modules/rxjs/dist/esm/internal/S
ubscriber.js:40:18)
  test-output.txt:54:    at OperatorSubscriber._error (http://localho
st:9876/_karma_webpack_/webpack:/node_modules/rxjs/dist/esm/internal/
Subscriber.js:64:30)[39m
> test-output.txt:55:Chrome Headless 145.0.0.0 (Windows 10): 
Executed 16 of 212[31m (1 FAILED)[39m (0 secs / 0.348 secs)
  test-output.txt:56:ERROR: Error: NG04002: Cannot match any routes. 
URL Segment: 'auth/login'
  test-output.txt:57:Error: NG04002: Cannot match any routes. URL 
Segment: 'auth/login'
  test-output.txt:58:    at Recognizer.noMatchError (http://localhost
:9876/_karma_webpack_/webpack:/node_modules/@angular/router/fesm2022/
router.mjs:3780:16)
  test-output.txt:59:    at selector (http://localhost:9876/_karma_we
bpack_/webpack:/node_modules/@angular/router/fesm2022/router.mjs:3810
:28)
  test-output.txt:60:    at onError (http://localhost:9876/_karma_web
pack_/webpack:/node_modules/rxjs/dist/esm/internal/operators/catchErr
or.js:10:39)
  test-output.txt:65:    at OperatorSubscriber._error (http://localho
st:9876/_karma_webpack_/webpack:/node_modules/rxjs/dist/esm/internal/
Subscriber.js:64:30)
  test-output.txt:66:    at OperatorSubscriber.error (http://localhos
t:9876/_karma_webpack_/webpack:/node_modules/rxjs/dist/esm/internal/S
ubscriber.js:40:18)
  test-output.txt:67:    at OperatorSubscriber._error (http://localho
st:9876/_karma_webpack_/webpack:/node_modules/rxjs/dist/esm/internal/
Subscriber.js:64:30)
> test-output.txt:68:[1A[2KChrome Headless 145.0.0.0 (Windows 10): 
Executed 17 of 212[31m (1 FAILED)[39m (0 secs / 0.385 secs)
> test-output.txt:69:[1A[2KChrome Headless 145.0.0.0 (Windows 10): 
Executed 18 of 212[31m (1 FAILED)[39m (0 secs / 0.388 secs)
> test-output.txt:70:[1A[2KChrome Headless 145.0.0.0 (Windows 10): 
Executed 19 of 212[31m (1 FAILED)[39m (0 secs / 0.39 secs)
> test-output.txt:71:[1A[2KChrome Headless 145.0.0.0 (Windows 10): 
Executed 20 of 212[31m (1 FAILED)[39m (0 secs / 0.392 secs)
> test-output.txt:72:[1A[2KChrome Headless 145.0.0.0 (Windows 10): 
Executed 21 of 212[31m (1 FAILED)[39m (0 secs / 0.395 secs)
> test-output.txt:73:[1A[2KChrome Headless 145.0.0.0 (Windows 10): 
Executed 22 of 212[31m (1 FAILED)[39m (0 secs / 0.398 secs)
> test-output.txt:74:[1A[2KChrome Headless 145.0.0.0 (Windows 10): 
Executed 23 of 212[31m (1 FAILED)[39m (0 secs / 0.4 secs)
> test-output.txt:75:[1A[2KChrome Headless 145.0.0.0 (Windows 10): 
Executed 24 of 212[31m (1 FAILED)[39m (0 secs / 0.402 secs)
> test-output.txt:76:[1A[2KChrome Headless 145.0.0.0 (Windows 10): 
Executed 25 of 212[31m (1 FAILED)[39m (0 secs / 0.403 secs)
> test-output.txt:77:[1A[2KChrome Headless 145.0.0.0 (Windows 10): 
Executed 26 of 212[31m (1 FAILED)[39m (0 secs / 0.405 secs)
> test-output.txt:78:[1A[2KChrome Headless 145.0.0.0 (Windows 10): 
Executed 27 of 212[31m (1 FAILED)[39m (0 secs / 0.408 secs)
> test-output.txt:79:[1A[2KChrome Headless 145.0.0.0 (Windows 10): 
Executed 28 of 212[31m (1 FAILED)[39m (0 secs / 0.41 secs)
> test-output.txt:80:[1A[2KChrome Headless 145.0.0.0 (Windows 10): 
Executed 29 of 212[31m (1 FAILED)[39m (0 secs / 0.412 secs)
> test-output.txt:81:[1A[2KChrome Headless 145.0.0.0 (Windows 10): 
Executed 30 of 212[31m (1 FAILED)[39m (0 secs / 0.416 secs)
> test-output.txt:82:[1A[2KChrome Headless 145.0.0.0 (Windows 10): 
Executed 31 of 212[31m (1 FAILED)[39m (0 secs / 0.42 secs)
> test-output.txt:83:[1A[2KChrome Headless 145.0.0.0 (Windows 10): 
Executed 32 of 212[31m (1 FAILED)[39m (0 secs / 0.423 secs)
> test-output.txt:84:[1A[2KChrome Headless 145.0.0.0 (Windows 10): 
Executed 33 of 212[31m (1 FAILED)[39m (0 secs / 0.426 secs)
> test-output.txt:85:[1A[2KChrome Headless 145.0.0.0 (Windows 10): 
Executed 34 of 212[31m (1 FAILED)[39m (0 secs / 0.429 secs)
> test-output.txt:86:[1A[2KChrome Headless 145.0.0.0 (Windows 10): 
Executed 35 of 212[31m (1 FAILED)[39m (0 secs / 0.432 secs)
> test-output.txt:87:[1A[2KChrome Headless 145.0.0.0 (Windows 10): 
Executed 36 of 212[31m (1 FAILED)[39m (0 secs / 0.434 secs)
> test-output.txt:88:[1A[2KChrome Headless 145.0.0.0 (Windows 10): 
Executed 37 of 212[31m (1 FAILED)[39m (0 secs / 0.435 secs)
> test-output.txt:89:[1A[2KChrome Headless 145.0.0.0 (Windows 10): 
Executed 38 of 212[31m (1 FAILED)[39m (0 secs / 0.437 secs)
> test-output.txt:90:[1A[2KChrome Headless 145.0.0.0 (Windows 10): 
Executed 39 of 212[31m (1 FAILED)[39m (0 secs / 0.438 secs)
> test-output.txt:91:[1A[2KChrome Headless 145.0.0.0 (Windows 10): 
Executed 40 of 212[31m (1 FAILED)[39m (0 secs / 0.44 secs)
  test-output.txt:92:[1A[2KERROR: [36mError: NG04002: Cannot 
match any routes. URL Segment: 'employer/dashboard'
  test-output.txt:93:Error: NG04002: Cannot match any routes. URL 
Segment: 'employer/dashboard'
  test-output.txt:94:    at Recognizer.noMatchError (http://localhost
:9876/_karma_webpack_/webpack:/node_modules/@angular/router/fesm2022/
router.mjs:3780:16)
  test-output.txt:95:    at selector (http://localhost:9876/_karma_we
bpack_/webpack:/node_modules/@angular/router/fesm2022/router.mjs:3810
:28)
  test-output.txt:96:    at onError (http://localhost:9876/_karma_web
pack_/webpack:/node_modules/rxjs/dist/esm/internal/operators/catchErr
or.js:10:39)
  test-output.txt:101:    at OperatorSubscriber._error (http://localh
ost:9876/_karma_webpack_/webpack:/node_modules/rxjs/dist/esm/internal
/Subscriber.js:64:30)
  test-output.txt:102:    at OperatorSubscriber.error (http://localho
st:9876/_karma_webpack_/webpack:/node_modules/rxjs/dist/esm/internal/
Subscriber.js:40:18)
  test-output.txt:103:    at OperatorSubscriber._error (http://localh
ost:9876/_karma_webpack_/webpack:/node_modules/rxjs/dist/esm/internal
/Subscriber.js:64:30)[39m
> test-output.txt:104:Chrome Headless 145.0.0.0 (Windows 10): 
Executed 40 of 212[31m (1 FAILED)[39m (0 secs / 0.44 secs)
  test-output.txt:105:ERROR: Error: NG04002: Cannot match any 
routes. URL Segment: 'employer/dashboard'
  test-output.txt:106:Error: NG04002: Cannot match any routes. URL 
Segment: 'employer/dashboard'
  test-output.txt:107:    at Recognizer.noMatchError (http://localhos
t:9876/_karma_webpack_/webpack:/node_modules/@angular/router/fesm2022
/router.mjs:3780:16)
  test-output.txt:108:    at selector (http://localhost:9876/_karma_w
ebpack_/webpack:/node_modules/@angular/router/fesm2022/router.mjs:381
0:28)
  test-output.txt:109:    at onError (http://localhost:9876/_karma_we
bpack_/webpack:/node_modules/rxjs/dist/esm/internal/operators/catchEr
ror.js:10:39)
  test-output.txt:114:    at OperatorSubscriber._error (http://localh
ost:9876/_karma_webpack_/webpack:/node_modules/rxjs/dist/esm/internal
/Subscriber.js:64:30)
  test-output.txt:115:    at OperatorSubscriber.error (http://localho
st:9876/_karma_webpack_/webpack:/node_modules/rxjs/dist/esm/internal/
Subscriber.js:40:18)
  test-output.txt:116:    at OperatorSubscriber._error (http://localh
ost:9876/_karma_webpack_/webpack:/node_modules/rxjs/dist/esm/internal
/Subscriber.js:64:30)
> test-output.txt:117:[1A[2KChrome Headless 145.0.0.0 (Windows 
10): Executed 41 of 212[31m (1 FAILED)[39m (0 secs / 0.441 secs)
> test-output.txt:118:[1A[2KChrome Headless 145.0.0.0 (Windows 
10): Executed 42 of 212[31m (1 FAILED)[39m (0 secs / 0.442 secs)
> test-output.txt:119:[1A[2KChrome Headless 145.0.0.0 (Windows 
10): Executed 43 of 212[31m (1 FAILED)[39m (0 secs / 0.442 secs)
> test-output.txt:120:[1A[2KChrome Headless 145.0.0.0 (Windows 
10): Executed 44 of 212[31m (1 FAILED)[39m (0 secs / 0.443 secs)
  test-output.txt:121:[1A[2KERROR: [36mError: NG04002: Cannot 
match any routes. URL Segment: 'auth/login'
  test-output.txt:122:Error: NG04002: Cannot match any routes. URL 
Segment: 'auth/login'
  test-output.txt:123:    at Recognizer.noMatchError (http://localhos
t:9876/_karma_webpack_/webpack:/node_modules/@angular/router/fesm2022
/router.mjs:3780:16)
  test-output.txt:124:    at selector (http://localhost:9876/_karma_w
ebpack_/webpack:/node_modules/@angular/router/fesm2022/router.mjs:381
0:28)
  test-output.txt:125:    at onError (http://localhost:9876/_karma_we
bpack_/webpack:/node_modules/rxjs/dist/esm/internal/operators/catchEr
ror.js:10:39)
  test-output.txt:130:    at OperatorSubscriber._error (http://localh
ost:9876/_karma_webpack_/webpack:/node_modules/rxjs/dist/esm/internal
/Subscriber.js:64:30)
  test-output.txt:131:    at OperatorSubscriber.error (http://localho
st:9876/_karma_webpack_/webpack:/node_modules/rxjs/dist/esm/internal/
Subscriber.js:40:18)
  test-output.txt:132:    at OperatorSubscriber._error (http://localh
ost:9876/_karma_webpack_/webpack:/node_modules/rxjs/dist/esm/internal
/Subscriber.js:64:30)[39m
> test-output.txt:133:Chrome Headless 145.0.0.0 (Windows 10): 
Executed 44 of 212[31m (1 FAILED)[39m (0 secs / 0.443 secs)
  test-output.txt:134:ERROR: Error: NG04002: Cannot match any 
routes. URL Segment: 'auth/login'
  test-output.txt:135:Error: NG04002: Cannot match any routes. URL 
Segment: 'auth/login'
  test-output.txt:136:    at Recognizer.noMatchError (http://localhos
t:9876/_karma_webpack_/webpack:/node_modules/@angular/router/fesm2022
/router.mjs:3780:16)
  test-output.txt:137:    at selector (http://localhost:9876/_karma_w
ebpack_/webpack:/node_modules/@angular/router/fesm2022/router.mjs:381
0:28)
  test-output.txt:138:    at onError (http://localhost:9876/_karma_we
bpack_/webpack:/node_modules/rxjs/dist/esm/internal/operators/catchEr
ror.js:10:39)
  test-output.txt:143:    at OperatorSubscriber._error (http://localh
ost:9876/_karma_webpack_/webpack:/node_modules/rxjs/dist/esm/internal
/Subscriber.js:64:30)
  test-output.txt:144:    at OperatorSubscriber.error (http://localho
st:9876/_karma_webpack_/webpack:/node_modules/rxjs/dist/esm/internal/
Subscriber.js:40:18)
  test-output.txt:145:    at OperatorSubscriber._error (http://localh
ost:9876/_karma_webpack_/webpack:/node_modules/rxjs/dist/esm/internal
/Subscriber.js:64:30)
> test-output.txt:146:[1A[2KChrome Headless 145.0.0.0 (Windows 
10): Executed 45 of 212[31m (1 FAILED)[39m (0 secs / 0.492 secs)
> test-output.txt:147:[1A[2K[31mChrome Headless 145.0.0.0 
(Windows 10) RegisterComponent sendOtp() should set isSendingOtp to 
false and otpSent stays false on error FAILED[39m
  test-output.txt:148:	Error: 2 timer(s) still in the queue.
  test-output.txt:149:	    at UserContext.apply 
(node_modules/zone.js/fesm2015/zone-testing.js:1719:27)
  test-output.txt:150:	    at _ZoneDelegate.invoke 
(node_modules/zone.js/fesm2015/zone.js:369:28)
  test-output.txt:151:	    at ProxyZoneSpec.onInvoke 
(node_modules/zone.js/fesm2015/zone-testing.js:2081:39)
  test-output.txt:152:	    at _ZoneDelegate.invoke 
(node_modules/zone.js/fesm2015/zone.js:368:34)
  test-output.txt:154:	    at runInTestZone 
(node_modules/zone.js/fesm2015/zone-testing.js:216:38)
  test-output.txt:155:	    at UserContext.<anonymous> 
(node_modules/zone.js/fesm2015/zone-testing.js:234:32)
  test-output.txt:156:	    at <Jasmine>
> test-output.txt:157:Chrome Headless 145.0.0.0 (Windows 10): 
Executed 46 of 212[31m (2 FAILED)[39m (0 secs / 0.53 secs)
  test-output.txt:158:[1A[2KWARN: [36m'Navigation triggered 
outside Angular zone, did you forget to call 'ngZone.run()'?'[39m
> test-output.txt:159:Chrome Headless 145.0.0.0 (Windows 10): 
Executed 46 of 212[31m (2 FAILED)[39m (0 secs / 0.53 secs)
  test-output.txt:160:WARN: 'Navigation triggered outside Angular 
zone, did you forget to call 'ngZone.run()'?'
> test-output.txt:161:[1A[2KChrome Headless 145.0.0.0 (Windows 
10): Executed 47 of 212[31m (2 FAILED)[39m (0 secs / 0.547 secs)
> test-output.txt:162:[1A[2K[31mChrome Headless 145.0.0.0 
(Windows 10) RegisterComponent sendOtp() should call 
authService.sendOtp with valid email and start countdown FAILED[39m
  test-output.txt:163:	Error: 3 timer(s) still in the queue.
  test-output.txt:164:	    at UserContext.apply 
(node_modules/zone.js/fesm2015/zone-testing.js:1719:27)
  test-output.txt:165:	    at _ZoneDelegate.invoke 
(node_modules/zone.js/fesm2015/zone.js:369:28)
  test-output.txt:166:	    at ProxyZoneSpec.onInvoke 
(node_modules/zone.js/fesm2015/zone-testing.js:2081:39)
  test-output.txt:167:	    at _ZoneDelegate.invoke 
(node_modules/zone.js/fesm2015/zone.js:368:34)
  test-output.txt:169:	    at runInTestZone 
(node_modules/zone.js/fesm2015/zone-testing.js:216:38)
  test-output.txt:170:	    at UserContext.<anonymous> 
(node_modules/zone.js/fesm2015/zone-testing.js:234:32)
  test-output.txt:171:	    at <Jasmine>
> test-output.txt:172:Chrome Headless 145.0.0.0 (Windows 10): 
Executed 48 of 212[31m (3 FAILED)[39m (0 secs / 0.565 secs)
> test-output.txt:173:[1A[2KChrome Headless 145.0.0.0 (Windows 
10): Executed 49 of 212[31m (3 FAILED)[39m (0 secs / 0.581 secs)
> test-output.txt:174:[1A[2KChrome Headless 145.0.0.0 (Windows 
10): Executed 50 of 212[31m (3 FAILED)[39m (0 secs / 0.59 secs)
> test-output.txt:175:[1A[2KChrome Headless 145.0.0.0 (Windows 
10): Executed 51 of 212[31m (3 FAILED)[39m (0 secs / 0.601 secs)
> test-output.txt:176:[1A[2KChrome Headless 145.0.0.0 (Windows 
10): Executed 52 of 212[31m (3 FAILED)[39m (0 secs / 0.61 secs)
> test-output.txt:177:[1A[2KChrome Headless 145.0.0.0 (Windows 
10): Executed 53 of 212[31m (3 FAILED)[39m (0 secs / 0.62 secs)
> test-output.txt:178:[1A[2KChrome Headless 145.0.0.0 (Windows 
10): Executed 54 of 212[31m (3 FAILED)[39m (0 secs / 0.644 secs)
> test-output.txt:179:[1A[2KChrome Headless 145.0.0.0 (Windows 
10): Executed 55 of 212[31m (3 FAILED)[39m (0 secs / 0.653 secs)
> test-output.txt:180:[1A[2KChrome Headless 145.0.0.0 (Windows 
10): Executed 56 of 212[31m (3 FAILED)[39m (0 secs / 0.662 secs)
> test-output.txt:181:[1A[2K[31mChrome Headless 145.0.0.0 
(Windows 10) RegisterComponent onSubmit() should include otpCode in 
register payload when all conditions met FAILED[39m
  test-output.txt:182:	Error: 3 timer(s) still in the queue.
  test-output.txt:183:	    at UserContext.apply 
(node_modules/zone.js/fesm2015/zone-testing.js:1719:27)
  test-output.txt:184:	    at _ZoneDelegate.invoke 
(node_modules/zone.js/fesm2015/zone.js:369:28)
  test-output.txt:185:	    at ProxyZoneSpec.onInvoke 
(node_modules/zone.js/fesm2015/zone-testing.js:2081:39)
  test-output.txt:186:	    at _ZoneDelegate.invoke 
(node_modules/zone.js/fesm2015/zone.js:368:34)
  test-output.txt:188:	    at runInTestZone 
(node_modules/zone.js/fesm2015/zone-testing.js:216:38)
  test-output.txt:189:	    at UserContext.<anonymous> 
(node_modules/zone.js/fesm2015/zone-testing.js:234:32)
  test-output.txt:190:	    at <Jasmine>
> test-output.txt:191:Chrome Headless 145.0.0.0 (Windows 10): 
Executed 57 of 212[31m (4 FAILED)[39m (0 secs / 0.682 secs)
> test-output.txt:192:[1A[2KChrome Headless 145.0.0.0 (Windows 
10): Executed 58 of 212[31m (4 FAILED)[39m (0 secs / 0.698 secs)
  test-output.txt:193:[1A[2KWARN: [36m'Navigation triggered 
outside Angular zone, did you forget to call 'ngZone.run()'?'[39m
> test-output.txt:194:Chrome Headless 145.0.0.0 (Windows 10): 
Executed 58 of 212[31m (4 FAILED)[39m (0 secs / 0.698 secs)
  test-output.txt:195:WARN: 'Navigation triggered outside Angular 
zone, did you forget to call 'ngZone.run()'?'
> test-output.txt:196:[1A[2KChrome Headless 145.0.0.0 (Windows 
10): Executed 59 of 212[31m (4 FAILED)[39m (0 secs / 0.714 secs)
> test-output.txt:197:[1A[2KChrome Headless 145.0.0.0 (Windows 
10): Executed 60 of 212[31m (4 FAILED)[39m (0 secs / 0.722 secs)
> test-output.txt:198:[1A[2KChrome Headless 145.0.0.0 (Windows 
10): Executed 61 of 212[31m (4 FAILED)[39m (0 secs / 0.755 secs)
> test-output.txt:199:[1A[2KChrome Headless 145.0.0.0 (Windows 
10): Executed 62 of 212[31m (4 FAILED)[39m (0 secs / 0.821 secs)
> test-output.txt:200:[1A[2KChrome Headless 145.0.0.0 (Windows 
10): Executed 63 of 212[31m (4 FAILED)[39m (0 secs / 0.83 secs)
> test-output.txt:201:[1A[2KChrome Headless 145.0.0.0 (Windows 
10): Executed 64 of 212[31m (4 FAILED)[39m (0 secs / 0.838 secs)
> test-output.txt:202:[1A[2KChrome Headless 145.0.0.0 (Windows 
10): Executed 65 of 212[31m (4 FAILED)[39m (0 secs / 0.845 secs)
> test-output.txt:203:[1A[2KChrome Headless 145.0.0.0 (Windows 
10): Executed 66 of 212[31m (4 FAILED)[39m (0 secs / 0.853 secs)
> test-output.txt:204:[1A[2K[31mChrome Headless 145.0.0.0 
(Windows 10) Seeker ProfileComponent saveProfile() should call 
profileService.updateProfile FAILED[39m
  test-output.txt:205:	Error: 3 timer(s) still in the queue.
  test-output.txt:206:	    at UserContext.apply 
(node_modules/zone.js/fesm2015/zone-testing.js:1719:27)
  test-output.txt:207:	    at _ZoneDelegate.invoke 
(node_modules/zone.js/fesm2015/zone.js:369:28)
  test-output.txt:208:	    at ProxyZoneSpec.onInvoke 
(node_modules/zone.js/fesm2015/zone-testing.js:2081:39)
  test-output.txt:209:	    at _ZoneDelegate.invoke 
(node_modules/zone.js/fesm2015/zone.js:368:34)
  test-output.txt:211:	    at runInTestZone 
(node_modules/zone.js/fesm2015/zone-testing.js:216:38)
  test-output.txt:212:	    at UserContext.<anonymous> 
(node_modules/zone.js/fesm2015/zone-testing.js:234:32)
  test-output.txt:213:	    at <Jasmine>
> test-output.txt:214:Chrome Headless 145.0.0.0 (Windows 10): 
Executed 67 of 212[31m (5 FAILED)[39m (0 secs / 0.879 secs)
> test-output.txt:215:[1A[2K[31mChrome Headless 145.0.0.0 
(Windows 10) Seeker ProfileComponent saveProfile() should set 
isEditing = false on success FAILED[39m
  test-output.txt:216:	Error: 3 timer(s) still in the queue.
  test-output.txt:217:	    at UserContext.apply 
(node_modules/zone.js/fesm2015/zone-testing.js:1719:27)
  test-output.txt:218:	    at _ZoneDelegate.invoke 
(node_modules/zone.js/fesm2015/zone.js:369:28)
  test-output.txt:219:	    at ProxyZoneSpec.onInvoke 
(node_modules/zone.js/fesm2015/zone-testing.js:2081:39)
  test-output.txt:220:	    at _ZoneDelegate.invoke 
(node_modules/zone.js/fesm2015/zone.js:368:34)
  test-output.txt:222:	    at runInTestZone 
(node_modules/zone.js/fesm2015/zone-testing.js:216:38)
  test-output.txt:223:	    at UserContext.<anonymous> 
(node_modules/zone.js/fesm2015/zone-testing.js:234:32)
  test-output.txt:224:	    at <Jasmine>
> test-output.txt:225:Chrome Headless 145.0.0.0 (Windows 10): 
Executed 68 of 212[31m (6 FAILED)[39m (0 secs / 0.892 secs)
> test-output.txt:226:[1A[2KChrome Headless 145.0.0.0 (Windows 
10): Executed 69 of 212[31m (6 FAILED)[39m (0 secs / 0.899 secs)
> test-output.txt:227:[1A[2KChrome Headless 145.0.0.0 (Windows 
10): Executed 70 of 212[31m (6 FAILED)[39m (0 secs / 0.906 secs)
> test-output.txt:228:[1A[2KChrome Headless 145.0.0.0 (Windows 
10): Executed 71 of 212[31m (6 FAILED)[39m (0 secs / 0.913 secs)
> test-output.txt:229:[1A[2KChrome Headless 145.0.0.0 (Windows 
10): Executed 72 of 212[31m (6 FAILED)[39m (0 secs / 0.921 secs)
> test-output.txt:230:[1A[2KChrome Headless 145.0.0.0 (Windows 
10): Executed 73 of 212[31m (6 FAILED)[39m (0 secs / 0.928 secs)
> test-output.txt:231:[1A[2KChrome Headless 145.0.0.0 (Windows 
10): Executed 74 of 212[31m (6 FAILED)[39m (0 secs / 0.935 secs)
> test-output.txt:232:[1A[2KChrome Headless 145.0.0.0 (Windows 
10): Executed 75 of 212[31m (6 FAILED)[39m (0 secs / 0.942 secs)
> test-output.txt:233:[1A[2KChrome Headless 145.0.0.0 (Windows 
10): Executed 76 of 212[31m (6 FAILED)[39m (0 secs / 0.949 secs)
> test-output.txt:234:[1A[2KChrome Headless 145.0.0.0 (Windows 
10): Executed 77 of 212[31m (6 FAILED)[39m (0 secs / 0.955 secs)
> test-output.txt:235:[1A[2KChrome Headless 145.0.0.0 (Windows 
10): Executed 78 of 212[31m (6 FAILED)[39m (0 secs / 0.963 secs)
> test-output.txt:236:[1A[2KChrome Headless 145.0.0.0 (Windows 
10): Executed 79 of 212[31m (6 FAILED)[39m (0 secs / 0.969 secs)
> test-output.txt:237:[1A[2KChrome Headless 145.0.0.0 (Windows 
10): Executed 80 of 212[31m (6 FAILED)[39m (0 secs / 0.975 secs)
> test-output.txt:238:[1A[2KChrome Headless 145.0.0.0 (Windows 
10): Executed 81 of 212[31m (6 FAILED)[39m (0 secs / 0.976 secs)
> test-output.txt:239:[1A[2KChrome Headless 145.0.0.0 (Windows 
10): Executed 82 of 212[31m (6 FAILED)[39m (0 secs / 0.977 secs)
> test-output.txt:240:[1A[2KChrome Headless 145.0.0.0 (Windows 
10): Executed 83 of 212[31m (6 FAILED)[39m (0 secs / 0.978 secs)
> test-output.txt:241:[1A[2KChrome Headless 145.0.0.0 (Windows 
10): Executed 84 of 212[31m (6 FAILED)[39m (0 secs / 0.979 secs)
> test-output.txt:242:[1A[2KChrome Headless 145.0.0.0 (Windows 
10): Executed 85 of 212[31m (6 FAILED)[39m (0 secs / 0.981 secs)
> test-output.txt:243:[1A[2KChrome Headless 145.0.0.0 (Windows 
10): Executed 86 of 212[31m (6 FAILED)[39m (0 secs / 0.982 secs)
> test-output.txt:244:[1A[2KChrome Headless 145.0.0.0 (Windows 
10): Executed 87 of 212[31m (6 FAILED)[39m (0 secs / 0.983 secs)
> test-output.txt:245:[1A[2KChrome Headless 145.0.0.0 (Windows 
10): Executed 88 of 212[31m (6 FAILED)[39m (0 secs / 0.984 secs)
> test-output.txt:246:[1A[2KChrome Headless 145.0.0.0 (Windows 
10): Executed 89 of 212[31m (6 FAILED)[39m (0 secs / 0.986 secs)
> test-output.txt:247:[1A[2KChrome Headless 145.0.0.0 (Windows 
10): Executed 90 of 212[31m (6 FAILED)[39m (0 secs / 0.987 secs)
> test-output.txt:248:[1A[2KChrome Headless 145.0.0.0 (Windows 
10): Executed 91 of 212[31m (6 FAILED)[39m (0 secs / 0.988 secs)
> test-output.txt:249:[1A[2KChrome Headless 145.0.0.0 (Windows 
10): Executed 92 of 212[31m (6 FAILED)[39m (0 secs / 0.989 secs)
> test-output.txt:250:[1A[2KChrome Headless 145.0.0.0 (Windows 
10): Executed 93 of 212[31m (6 FAILED)[39m (0 secs / 0.991 secs)
> test-output.txt:251:[1A[2KChrome Headless 145.0.0.0 (Windows 
10): Executed 94 of 212[31m (6 FAILED)[39m (0 secs / 0.993 secs)
> test-output.txt:252:[1A[2KChrome Headless 145.0.0.0 (Windows 
10): Executed 95 of 212[31m (6 FAILED)[39m (0 secs / 0.994 secs)
> test-output.txt:253:[1A[2KChrome Headless 145.0.0.0 (Windows 
10): Executed 96 of 212[31m (6 FAILED)[39m (0 secs / 1.091 secs)
> test-output.txt:254:[1A[2KChrome Headless 145.0.0.0 (Windows 
10): Executed 97 of 212[31m (6 FAILED)[39m (0 secs / 1.095 secs)
> test-output.txt:255:[1A[2KChrome Headless 145.0.0.0 (Windows 
10): Executed 98 of 212[31m (6 FAILED)[39m (0 secs / 1.098 secs)
> test-output.txt:256:[1A[2KChrome Headless 145.0.0.0 (Windows 
10): Executed 99 of 212[31m (6 FAILED)[39m (0 secs / 1.102 secs)
> test-output.txt:257:[1A[2KChrome Headless 145.0.0.0 (Windows 
10): Executed 100 of 212[31m (6 FAILED)[39m (0 secs / 1.107 secs)
> test-output.txt:258:[1A[2KChrome Headless 145.0.0.0 (Windows 
10): Executed 101 of 212[31m (6 FAILED)[39m (0 secs / 1.109 secs)
> test-output.txt:259:[1A[2KChrome Headless 145.0.0.0 (Windows 
10): Executed 102 of 212[31m (6 FAILED)[39m (0 secs / 1.11 secs)
> test-output.txt:260:[1A[2KChrome Headless 145.0.0.0 (Windows 
10): Executed 103 of 212[31m (6 FAILED)[39m (0 secs / 1.111 secs)
> test-output.txt:261:[1A[2KChrome Headless 145.0.0.0 (Windows 
10): Executed 104 of 212[31m (6 FAILED)[39m (0 secs / 1.113 secs)
> test-output.txt:262:[1A[2KChrome Headless 145.0.0.0 (Windows 
10): Executed 105 of 212[31m (6 FAILED)[39m (0 secs / 1.114 secs)
> test-output.txt:263:[1A[2KChrome Headless 145.0.0.0 (Windows 
10): Executed 106 of 212[31m (6 FAILED)[39m (0 secs / 1.116 secs)
> test-output.txt:264:[1A[2KChrome Headless 145.0.0.0 (Windows 
10): Executed 107 of 212[31m (6 FAILED)[39m (0 secs / 1.118 secs)
> test-output.txt:265:[1A[2KChrome Headless 145.0.0.0 (Windows 
10): Executed 108 of 212[31m (6 FAILED)[39m (0 secs / 1.12 secs)
> test-output.txt:266:[1A[2KChrome Headless 145.0.0.0 (Windows 
10): Executed 109 of 212[31m (6 FAILED)[39m (0 secs / 1.121 secs)
> test-output.txt:267:[1A[2KChrome Headless 145.0.0.0 (Windows 
10): Executed 110 of 212[31m (6 FAILED)[39m (0 secs / 1.122 secs)
> test-output.txt:268:[1A[2KChrome Headless 145.0.0.0 (Windows 
10): Executed 111 of 212[31m (6 FAILED)[39m (0 secs / 1.123 secs)
> test-output.txt:269:[1A[2KChrome Headless 145.0.0.0 (Windows 
10): Executed 112 of 212[31m (6 FAILED)[39m (0 secs / 1.124 secs)
> test-output.txt:270:[1A[2KChrome Headless 145.0.0.0 (Windows 
10): Executed 113 of 212[31m (6 FAILED)[39m (0 secs / 1.125 secs)
> test-output.txt:271:[1A[2KChrome Headless 145.0.0.0 (Windows 
10): Executed 114 of 212[31m (6 FAILED)[39m (0 secs / 1.126 secs)
> test-output.txt:272:[1A[2KChrome Headless 145.0.0.0 (Windows 
10): Executed 115 of 212[31m (6 FAILED)[39m (0 secs / 1.128 secs)
> test-output.txt:273:[1A[2KChrome Headless 145.0.0.0 (Windows 
10): Executed 116 of 212[31m (6 FAILED)[39m (0 secs / 1.129 secs)
> test-output.txt:274:[1A[2KChrome Headless 145.0.0.0 (Windows 
10): Executed 117 of 212[31m (6 FAILED)[39m (0 secs / 1.131 secs)
> test-output.txt:275:[1A[2KChrome Headless 145.0.0.0 (Windows 
10): Executed 118 of 212[31m (6 FAILED)[39m (0 secs / 1.133 secs)
> test-output.txt:276:[1A[2KChrome Headless 145.0.0.0 (Windows 
10): Executed 119 of 212[31m (6 FAILED)[39m (0 secs / 1.134 secs)
> test-output.txt:277:[1A[2KChrome Headless 145.0.0.0 (Windows 
10): Executed 120 of 212[31m (6 FAILED)[39m (0 secs / 1.135 secs)
> test-output.txt:278:[1A[2KChrome Headless 145.0.0.0 (Windows 
10): Executed 121 of 212[31m (6 FAILED)[39m (0 secs / 1.136 secs)
> test-output.txt:279:[1A[2KChrome Headless 145.0.0.0 (Windows 
10): Executed 122 of 212[31m (6 FAILED)[39m (0 secs / 1.137 secs)
> test-output.txt:280:[1A[2KChrome Headless 145.0.0.0 (Windows 
10): Executed 123 of 212[31m (6 FAILED)[39m (0 secs / 1.138 secs)
> test-output.txt:281:[1A[2KChrome Headless 145.0.0.0 (Windows 
10): Executed 124 of 212[31m (6 FAILED)[39m (0 secs / 1.139 secs)
> test-output.txt:282:[1A[2KChrome Headless 145.0.0.0 (Windows 
10): Executed 125 of 212[31m (6 FAILED)[39m (0 secs / 1.14 secs)
> test-output.txt:283:[1A[2KChrome Headless 145.0.0.0 (Windows 
10): Executed 126 of 212[31m (6 FAILED)[39m (0 secs / 1.142 secs)
> test-output.txt:284:[1A[2KChrome Headless 145.0.0.0 (Windows 
10): Executed 127 of 212[31m (6 FAILED)[39m (0 secs / 1.144 secs)
> test-output.txt:285:[1A[2KChrome Headless 145.0.0.0 (Windows 
10): Executed 128 of 212[31m (6 FAILED)[39m (0 secs / 1.146 secs)
> test-output.txt:286:[1A[2KChrome Headless 145.0.0.0 (Windows 
10): Executed 129 of 212[31m (6 FAILED)[39m (0 secs / 1.192 secs)
> test-output.txt:287:[1A[2KChrome Headless 145.0.0.0 (Windows 
10): Executed 130 of 212[31m (6 FAILED)[39m (0 secs / 1.201 secs)
> test-output.txt:288:[1A[2KChrome Headless 145.0.0.0 (Windows 
10): Executed 131 of 212[31m (6 FAILED)[39m (0 secs / 1.208 secs)
> test-output.txt:289:[1A[2KChrome Headless 145.0.0.0 (Windows 
10): Executed 132 of 212[31m (6 FAILED)[39m (0 secs / 1.216 secs)
> test-output.txt:290:[1A[2KChrome Headless 145.0.0.0 (Windows 
10): Executed 133 of 212[31m (6 FAILED)[39m (0 secs / 1.223 secs)
> test-output.txt:291:[1A[2KChrome Headless 145.0.0.0 (Windows 
10): Executed 134 of 212[31m (6 FAILED)[39m (0 secs / 1.23 secs)
> test-output.txt:292:[1A[2KChrome Headless 145.0.0.0 (Windows 
10): Executed 135 of 212[31m (6 FAILED)[39m (0 secs / 1.238 secs)
> test-output.txt:293:[1A[2KChrome Headless 145.0.0.0 (Windows 
10): Executed 136 of 212[31m (6 FAILED)[39m (0 secs / 1.249 secs)
> test-output.txt:294:[1A[2K[31mChrome Headless 145.0.0.0 
(Windows 10) Employer DashboardComponent duplicateJob() should call 
postJob with title containing (Copy) FAILED[39m
  test-output.txt:295:	Error: 3 timer(s) still in the queue.
  test-output.txt:296:	    at UserContext.apply 
(node_modules/zone.js/fesm2015/zone-testing.js:1719:27)
  test-output.txt:297:	    at _ZoneDelegate.invoke 
(node_modules/zone.js/fesm2015/zone.js:369:28)
  test-output.txt:298:	    at ProxyZoneSpec.onInvoke 
(node_modules/zone.js/fesm2015/zone-testing.js:2081:39)
  test-output.txt:299:	    at _ZoneDelegate.invoke 
(node_modules/zone.js/fesm2015/zone.js:368:34)
  test-output.txt:301:	    at runInTestZone 
(node_modules/zone.js/fesm2015/zone-testing.js:216:38)
  test-output.txt:302:	    at UserContext.<anonymous> 
(node_modules/zone.js/fesm2015/zone-testing.js:234:32)
  test-output.txt:303:	    at <Jasmine>
> test-output.txt:304:Chrome Headless 145.0.0.0 (Windows 10): 
Executed 137 of 212[31m (7 FAILED)[39m (0 secs / 1.368 secs)
> test-output.txt:305:[1A[2KChrome Headless 145.0.0.0 (Windows 
10): Executed 138 of 212[31m (7 FAILED)[39m (0 secs / 1.376 secs)
> test-output.txt:306:[1A[2KChrome Headless 145.0.0.0 (Windows 
10): Executed 139 of 212[31m (7 FAILED)[39m (0 secs / 1.424 secs)
> test-output.txt:307:[1A[2KChrome Headless 145.0.0.0 (Windows 
10): Executed 140 of 212[31m (7 FAILED)[39m (0 secs / 1.432 secs)
> test-output.txt:308:[1A[2KChrome Headless 145.0.0.0 (Windows 
10): Executed 141 of 212[31m (7 FAILED)[39m (0 secs / 1.44 secs)
> test-output.txt:309:[1A[2KChrome Headless 145.0.0.0 (Windows 
10): Executed 142 of 212[31m (7 FAILED)[39m (0 secs / 1.448 secs)
> test-output.txt:310:[1A[2KChrome Headless 145.0.0.0 (Windows 
10): Executed 143 of 212[31m (7 FAILED)[39m (0 secs / 1.46 secs)
> test-output.txt:311:[1A[2KChrome Headless 145.0.0.0 (Windows 
10): Executed 144 of 212[31m (7 FAILED)[39m (0 secs / 1.468 secs)
> test-output.txt:312:[1A[2KChrome Headless 145.0.0.0 (Windows 
10): Executed 145 of 212[31m (7 FAILED)[39m (0 secs / 1.476 secs)
> test-output.txt:313:[1A[2K[31mChrome Headless 145.0.0.0 
(Windows 10) PostJobComponent onSubmit() should call 
jobService.postJob with employerId when form and skills are valid 
FAILED[39m
  test-output.txt:314:	Error: 3 timer(s) still in the queue.
  test-output.txt:315:	    at UserContext.apply 
(node_modules/zone.js/fesm2015/zone-testing.js:1719:27)
  test-output.txt:316:	    at _ZoneDelegate.invoke 
(node_modules/zone.js/fesm2015/zone.js:369:28)
  test-output.txt:317:	    at ProxyZoneSpec.onInvoke 
(node_modules/zone.js/fesm2015/zone-testing.js:2081:39)
  test-output.txt:318:	    at _ZoneDelegate.invoke 
(node_modules/zone.js/fesm2015/zone.js:368:34)
  test-output.txt:320:	    at runInTestZone 
(node_modules/zone.js/fesm2015/zone-testing.js:216:38)
  test-output.txt:321:	    at UserContext.<anonymous> 
(node_modules/zone.js/fesm2015/zone-testing.js:234:32)
  test-output.txt:322:	    at <Jasmine>
> test-output.txt:323:Chrome Headless 145.0.0.0 (Windows 10): 
Executed 146 of 212[31m (8 FAILED)[39m (0 secs / 1.498 secs)
> test-output.txt:324:[1A[2K[31mChrome Headless 145.0.0.0 
(Windows 10) PostJobComponent onSubmit() should set isLoading = 
false on error FAILED[39m
  test-output.txt:325:	Error: 2 timer(s) still in the queue.
  test-output.txt:326:	    at UserContext.apply 
(node_modules/zone.js/fesm2015/zone-testing.js:1719:27)
  test-output.txt:327:	    at _ZoneDelegate.invoke 
(node_modules/zone.js/fesm2015/zone.js:369:28)
  test-output.txt:328:	    at ProxyZoneSpec.onInvoke 
(node_modules/zone.js/fesm2015/zone-testing.js:2081:39)
  test-output.txt:329:	    at _ZoneDelegate.invoke 
(node_modules/zone.js/fesm2015/zone.js:368:34)
  test-output.txt:331:	    at runInTestZone 
(node_modules/zone.js/fesm2015/zone-testing.js:216:38)
  test-output.txt:332:	    at UserContext.<anonymous> 
(node_modules/zone.js/fesm2015/zone-testing.js:234:32)
  test-output.txt:333:	    at <Jasmine>
> test-output.txt:334:Chrome Headless 145.0.0.0 (Windows 10): 
Executed 147 of 212[31m (9 FAILED)[39m (0 secs / 1.517 secs)
  test-output.txt:335:[1A[2KWARN: [36m'Navigation triggered 
outside Angular zone, did you forget to call 'ngZone.run()'?'[39m
> test-output.txt:336:Chrome Headless 145.0.0.0 (Windows 10): 
Executed 147 of 212[31m (9 FAILED)[39m (0 secs / 1.517 secs)
  test-output.txt:337:WARN: 'Navigation triggered outside Angular 
zone, did you forget to call 'ngZone.run()'?'
> test-output.txt:338:[1A[2KChrome Headless 145.0.0.0 (Windows 
10): Executed 148 of 212[31m (9 FAILED)[39m (0 secs / 1.531 secs)
> test-output.txt:339:[1A[2KChrome Headless 145.0.0.0 (Windows 
10): Executed 149 of 212[31m (9 FAILED)[39m (0 secs / 1.539 secs)
> test-output.txt:340:[1A[2KChrome Headless 145.0.0.0 (Windows 
10): Executed 150 of 212[31m (9 FAILED)[39m (0 secs / 1.547 secs)
> test-output.txt:341:[1A[2KChrome Headless 145.0.0.0 (Windows 
10): Executed 151 of 212[31m (9 FAILED)[39m (0 secs / 1.555 secs)
> test-output.txt:342:[1A[2KChrome Headless 145.0.0.0 (Windows 
10): Executed 152 of 212[31m (9 FAILED)[39m (0 secs / 1.562 secs)
> test-output.txt:343:[1A[2KChrome Headless 145.0.0.0 (Windows 
10): Executed 153 of 212[31m (9 FAILED)[39m (0 secs / 1.569 secs)
> test-output.txt:344:[1A[2KChrome Headless 145.0.0.0 (Windows 
10): Executed 154 of 212[31m (9 FAILED)[39m (0 secs / 1.592 secs)
> test-output.txt:345:[1A[2KChrome Headless 145.0.0.0 (Windows 
10): Executed 155 of 212[31m (9 FAILED)[39m (0 secs / 1.597 secs)
> test-output.txt:346:[1A[2KChrome Headless 145.0.0.0 (Windows 
10): Executed 156 of 212[31m (9 FAILED)[39m (0 secs / 1.603 secs)
> test-output.txt:347:[1A[2KChrome Headless 145.0.0.0 (Windows 
10): Executed 157 of 212[31m (9 FAILED)[39m (0 secs / 1.607 secs)
> test-output.txt:348:[1A[2KChrome Headless 145.0.0.0 (Windows 
10): Executed 158 of 212[31m (9 FAILED)[39m (0 secs / 1.612 secs)
> test-output.txt:349:[1A[2KChrome Headless 145.0.0.0 (Windows 
10): Executed 159 of 212[31m (9 FAILED)[39m (0 secs / 1.615 secs)
> test-output.txt:350:[1A[2KChrome Headless 145.0.0.0 (Windows 
10): Executed 160 of 212[31m (9 FAILED)[39m (0 secs / 1.619 secs)
> test-output.txt:351:[1A[2KChrome Headless 145.0.0.0 (Windows 
10): Executed 161 of 212[31m (9 FAILED)[39m (0 secs / 1.623 secs)
> test-output.txt:352:[1A[2KChrome Headless 145.0.0.0 (Windows 
10): Executed 162 of 212[31m (9 FAILED)[39m (0 secs / 1.626 secs)
> test-output.txt:353:[1A[2KChrome Headless 145.0.0.0 (Windows 
10): Executed 163 of 212[31m (9 FAILED)[39m (0 secs / 1.63 secs)
> test-output.txt:354:[1A[2KChrome Headless 145.0.0.0 (Windows 
10): Executed 164 of 212[31m (9 FAILED)[39m (0 secs / 1.701 secs)
> test-output.txt:355:[1A[2KChrome Headless 145.0.0.0 (Windows 
10): Executed 165 of 212[31m (9 FAILED)[39m (0 secs / 1.712 secs)
> test-output.txt:356:[1A[2KChrome Headless 145.0.0.0 (Windows 
10): Executed 166 of 212[31m (9 FAILED)[39m (0 secs / 1.721 secs)
> test-output.txt:357:[1A[2KChrome Headless 145.0.0.0 (Windows 
10): Executed 167 of 212[31m (9 FAILED)[39m (0 secs / 1.731 secs)
> test-output.txt:358:[1A[2KChrome Headless 145.0.0.0 (Windows 
10): Executed 168 of 212[31m (9 FAILED)[39m (0 secs / 1.744 secs)
> test-output.txt:359:[1A[2KChrome Headless 145.0.0.0 (Windows 
10): Executed 169 of 212[31m (9 FAILED)[39m (0 secs / 1.753 secs)
> test-output.txt:360:[1A[2KChrome Headless 145.0.0.0 (Windows 
10): Executed 170 of 212[31m (9 FAILED)[39m (0 secs / 1.769 secs)
> test-output.txt:361:[1A[2KChrome Headless 145.0.0.0 (Windows 
10): Executed 171 of 212[31m (9 FAILED)[39m (0 secs / 1.785 secs)
> test-output.txt:362:[1A[2KChrome Headless 145.0.0.0 (Windows 
10): Executed 172 of 212[31m (9 FAILED)[39m (0 secs / 1.8 secs)
> test-output.txt:363:[1A[2KChrome Headless 145.0.0.0 (Windows 
10): Executed 173 of 212[31m (9 FAILED)[39m (0 secs / 1.815 secs)
> test-output.txt:364:[1A[2KChrome Headless 145.0.0.0 (Windows 
10): Executed 174 of 212[31m (9 FAILED)[39m (0 secs / 1.83 secs)
> test-output.txt:365:[1A[2KChrome Headless 145.0.0.0 (Windows 
10): Executed 175 of 212[31m (9 FAILED)[39m (0 secs / 1.847 secs)
> test-output.txt:366:[1A[2KChrome Headless 145.0.0.0 (Windows 
10): Executed 176 of 212[31m (9 FAILED)[39m (0 secs / 1.86 secs)
> test-output.txt:367:[1A[2KChrome Headless 145.0.0.0 (Windows 
10): Executed 177 of 212[31m (9 FAILED)[39m (0 secs / 1.87 secs)
> test-output.txt:368:[1A[2KChrome Headless 145.0.0.0 (Windows 
10): Executed 178 of 212[31m (9 FAILED)[39m (0 secs / 1.882 secs)
> test-output.txt:369:[1A[2KChrome Headless 145.0.0.0 (Windows 
10): Executed 179 of 212[31m (9 FAILED)[39m (0 secs / 1.891 secs)
> test-output.txt:370:[1A[2KChrome Headless 145.0.0.0 (Windows 
10): Executed 180 of 212[31m (9 FAILED)[39m (0 secs / 1.9 secs)
> test-output.txt:371:[1A[2KChrome Headless 145.0.0.0 (Windows 
10): Executed 181 of 212[31m (9 FAILED)[39m (0 secs / 1.909 secs)
> test-output.txt:372:[1A[2KChrome Headless 145.0.0.0 (Windows 
10): Executed 182 of 212[31m (9 FAILED)[39m (0 secs / 1.918 secs)
> test-output.txt:373:[1A[2KChrome Headless 145.0.0.0 (Windows 
10): Executed 183 of 212[31m (9 FAILED)[39m (0 secs / 1.919 secs)
> test-output.txt:374:[1A[2KChrome Headless 145.0.0.0 (Windows 
10): Executed 184 of 212[31m (9 FAILED)[39m (0 secs / 1.921 secs)
> test-output.txt:375:[1A[2KChrome Headless 145.0.0.0 (Windows 
10): Executed 185 of 212[31m (9 FAILED)[39m (0 secs / 1.922 secs)
> test-output.txt:376:[1A[2KChrome Headless 145.0.0.0 (Windows 
10): Executed 186 of 212[31m (9 FAILED)[39m (0 secs / 1.923 secs)
> test-output.txt:377:[1A[2KChrome Headless 145.0.0.0 (Windows 
10): Executed 187 of 212[31m (9 FAILED)[39m (0 secs / 1.924 secs)
> test-output.txt:378:[1A[2KChrome Headless 145.0.0.0 (Windows 
10): Executed 188 of 212[31m (9 FAILED)[39m (0 secs / 1.988 secs)
> test-output.txt:379:[1A[2KChrome Headless 145.0.0.0 (Windows 
10): Executed 189 of 212[31m (9 FAILED)[39m (0 secs / 2.021 secs)
> test-output.txt:380:[1A[2KChrome Headless 145.0.0.0 (Windows 
10): Executed 190 of 212[31m (9 FAILED)[39m (0 secs / 2.028 secs)
> test-output.txt:381:[1A[2KChrome Headless 145.0.0.0 (Windows 
10): Executed 191 of 212[31m (9 FAILED)[39m (0 secs / 2.035 secs)
> test-output.txt:382:[1A[2KChrome Headless 145.0.0.0 (Windows 
10): Executed 192 of 212[31m (9 FAILED)[39m (0 secs / 2.055 secs)
> test-output.txt:383:[1A[2KChrome Headless 145.0.0.0 (Windows 
10): Executed 193 of 212[31m (9 FAILED)[39m (0 secs / 2.062 secs)
> test-output.txt:384:[1A[2K[31mChrome Headless 145.0.0.0 
(Windows 10) Seeker DashboardComponent groupedNotifications getter 
should group notifications by type FAILED[39m
  test-output.txt:385:	Expected undefined to be 2.
  test-output.txt:386:	    at <Jasmine>
  test-output.txt:387:	    at UserContext.apply (src/app/features/see
ker/dashboard/dashboard.component.spec.ts:207:38)
  test-output.txt:388:	    at _ZoneDelegate.invoke 
(node_modules/zone.js/fesm2015/zone.js:369:28)
  test-output.txt:389:	    at ProxyZoneSpec.onInvoke 
(node_modules/zone.js/fesm2015/zone-testing.js:2081:39)
  test-output.txt:390:	    at _ZoneDelegate.invoke 
(node_modules/zone.js/fesm2015/zone.js:368:34)
> test-output.txt:391:Chrome Headless 145.0.0.0 (Windows 10): 
Executed 194 of 212[31m (10 FAILED)[39m (0 secs / 2.072 secs)
> test-output.txt:392:[1A[2KChrome Headless 145.0.0.0 (Windows 
10): Executed 195 of 212[31m (10 FAILED)[39m (0 secs / 2.08 secs)
> test-output.txt:393:[1A[2KChrome Headless 145.0.0.0 (Windows 
10): Executed 196 of 212[31m (10 FAILED)[39m (0 secs / 2.087 secs)
> test-output.txt:394:[1A[2KChrome Headless 145.0.0.0 (Windows 
10): Executed 197 of 212[31m (10 FAILED)[39m (0 secs / 2.095 secs)
> test-output.txt:395:[1A[2KChrome Headless 145.0.0.0 (Windows 
10): Executed 198 of 212[31m (10 FAILED)[39m (0 secs / 2.102 secs)
> test-output.txt:396:[1A[2KChrome Headless 145.0.0.0 (Windows 
10): Executed 199 of 212[31m (10 FAILED)[39m (0 secs / 2.111 secs)
> test-output.txt:397:[1A[2KChrome Headless 145.0.0.0 (Windows 
10): Executed 200 of 212[31m (10 FAILED)[39m (0 secs / 2.118 secs)
> test-output.txt:398:[1A[2KChrome Headless 145.0.0.0 (Windows 
10): Executed 201 of 212[31m (10 FAILED)[39m (0 secs / 2.126 secs)
> test-output.txt:399:[1A[2KChrome Headless 145.0.0.0 (Windows 
10): Executed 202 of 212[31m (10 FAILED)[39m (0 secs / 2.133 secs)
> test-output.txt:400:[1A[2KChrome Headless 145.0.0.0 (Windows 
10): Executed 203 of 212[31m (10 FAILED)[39m (0 secs / 2.141 secs)
> test-output.txt:401:[1A[2KChrome Headless 145.0.0.0 (Windows 
10): Executed 204 of 212[31m (10 FAILED)[39m (0 secs / 2.147 secs)
> test-output.txt:402:[1A[2KChrome Headless 145.0.0.0 (Windows 
10): Executed 205 of 212[31m (10 FAILED)[39m (0 secs / 2.159 secs)
> test-output.txt:403:[1A[2K[31mChrome Headless 145.0.0.0 
(Windows 10) SavedJobsComponent unsaveJob() should remove job from 
savedJobs list after unsave FAILED[39m
  test-output.txt:404:	Error: 3 timer(s) still in the queue.
  test-output.txt:405:	    at UserContext.apply 
(node_modules/zone.js/fesm2015/zone-testing.js:1719:27)
  test-output.txt:406:	    at _ZoneDelegate.invoke 
(node_modules/zone.js/fesm2015/zone.js:369:28)
  test-output.txt:407:	    at ProxyZoneSpec.onInvoke 
(node_modules/zone.js/fesm2015/zone-testing.js:2081:39)
  test-output.txt:408:	    at _ZoneDelegate.invoke 
(node_modules/zone.js/fesm2015/zone.js:368:34)
  test-output.txt:410:	    at runInTestZone 
(node_modules/zone.js/fesm2015/zone-testing.js:216:38)
  test-output.txt:411:	    at UserContext.<anonymous> 
(node_modules/zone.js/fesm2015/zone-testing.js:234:32)
  test-output.txt:412:	    at <Jasmine>
> test-output.txt:413:Chrome Headless 145.0.0.0 (Windows 10): 
Executed 206 of 212[31m (11 FAILED)[39m (0 secs / 2.171 secs)
> test-output.txt:414:[1A[2K[31mChrome Headless 145.0.0.0 
(Windows 10) SavedJobsComponent unsaveJob() should keep remaining 
jobs after unsave FAILED[39m
  test-output.txt:415:	Error: 3 timer(s) still in the queue.
  test-output.txt:416:	    at UserContext.apply 
(node_modules/zone.js/fesm2015/zone-testing.js:1719:27)
  test-output.txt:417:	    at _ZoneDelegate.invoke 
(node_modules/zone.js/fesm2015/zone.js:369:28)
  test-output.txt:418:	    at ProxyZoneSpec.onInvoke 
(node_modules/zone.js/fesm2015/zone-testing.js:2081:39)
  test-output.txt:419:	    at _ZoneDelegate.invoke 
(node_modules/zone.js/fesm2015/zone.js:368:34)
  test-output.txt:421:	    at runInTestZone 
(node_modules/zone.js/fesm2015/zone-testing.js:216:38)
  test-output.txt:422:	    at UserContext.<anonymous> 
(node_modules/zone.js/fesm2015/zone-testing.js:234:32)
  test-output.txt:423:	    at <Jasmine>
> test-output.txt:424:Chrome Headless 145.0.0.0 (Windows 10): 
Executed 207 of 212[31m (12 FAILED)[39m (0 secs / 2.202 secs)
> test-output.txt:425:[1A[2KChrome Headless 145.0.0.0 (Windows 
10): Executed 208 of 212[31m (12 FAILED)[39m (0 secs / 2.206 secs)
> test-output.txt:426:[1A[2KChrome Headless 145.0.0.0 (Windows 
10): Executed 209 of 212[31m (12 FAILED)[39m (0 secs / 2.21 secs)
> test-output.txt:427:[1A[2KChrome Headless 145.0.0.0 (Windows 
10): Executed 210 of 212[31m (12 FAILED)[39m (0 secs / 2.241 secs)
> test-output.txt:428:[1A[2KChrome Headless 145.0.0.0 (Windows 
10): Executed 211 of 212[31m (12 FAILED)[39m (0 secs / 2.25 secs)
> test-output.txt:429:[1A[2KChrome Headless 145.0.0.0 (Windows 
10): Executed 212 of 212[31m (12 FAILED)[39m (0 secs / 2.257 secs)
> test-output.txt:430:[1A[2KChrome Headless 145.0.0.0 (Windows 
10): Executed 212 of 212[31m (12 FAILED)[39m (2.58 secs / 2.257 
secs)
> test-output.txt:431:[31mTOTAL: 12 FAILED, 200 SUCCESS[39m
  test-output.txt:432:Γ£ö Browser application bundle generation 
complete.
  test-output.txt:433:Γ£ö Browser application bundle generation 
complete.


