node.exe : - Generating browser application bundles (phase: setup)...
At line:1 char:1
+ & "C:\Program Files\nodejs/node.exe" 
"C:\Users\jahna\AppData\Roaming\ ...
+ 
~~~~~~~~~~~~~~~~~~~~~~~~~~~~~~~~~~~~~~~~~~~~~~~~~~~~~~~~~~~~~~~~~~~~~
    + CategoryInfo          : NotSpecified: (- Generating br...hase: 
    setup)...:String) [], RemoteException
    + FullyQualifiedErrorId : NativeCommandError
 
Γ£ö Browser application bundle generation complete.
05 03 2026 18:14:27.553:INFO [karma-server]: Karma v6.4.4 server started at http://localhost:9876/
05 03 2026 18:14:27.555:INFO [launcher]: Launching browsers ChromeHeadless with concurrency unlimited
05 03 2026 18:14:27.573:INFO [launcher]: Starting browser ChromeHeadless
05 03 2026 18:14:29.370:INFO [Chrome Headless 145.0.0.0 (Windows 10)]: Connected on socket 7eD6sedNf-gL_nSwAAAB with id 19009362
Chrome Headless 145.0.0.0 (Windows 10): Executed 0 of 212[32m SUCCESS[39m (0 secs / 0 secs)
[1A[2KChrome Headless 145.0.0.0 (Windows 10): Executed 1 of 212[32m SUCCESS[39m (0 secs / 0.144 secs)
[1A[2K[31mChrome Headless 145.0.0.0 (Windows 10) LoginComponent onSubmit() should call authService.login with form values FAILED[39m
	Error: 3 timer(s) still in the queue.
	    at UserContext.apply (node_modules/zone.js/fesm2015/zone-testing.js:1719:27)
	    at _ZoneDelegate.invoke (node_modules/zone.js/fesm2015/zone.js:369:28)
	    at ProxyZoneSpec.onInvoke (node_modules/zone.js/fesm2015/zone-testing.js:2081:39)
	    at _ZoneDelegate.invoke (node_modules/zone.js/fesm2015/zone.js:368:34)
	    at ZoneImpl.run (node_modules/zone.js/fesm2015/zone.js:111:43)
	    at runInTestZone (node_modules/zone.js/fesm2015/zone-testing.js:216:38)
	    at UserContext.<anonymous> (node_modules/zone.js/fesm2015/zone-testing.js:234:32)
	    at <Jasmine>
Chrome Headless 145.0.0.0 (Windows 10): Executed 2 of 212[31m (1 FAILED)[39m (0 secs / 0.215 secs)
[1A[2KChrome Headless 145.0.0.0 (Windows 10): Executed 3 of 212[31m (1 FAILED)[39m (0 secs / 0.229 secs)
[1A[2KChrome Headless 145.0.0.0 (Windows 10): Executed 4 of 212[31m (1 FAILED)[39m (0 secs / 0.244 secs)
[1A[2KChrome Headless 145.0.0.0 (Windows 10): Executed 5 of 212[31m (1 FAILED)[39m (0 secs / 0.255 secs)
[1A[2KChrome Headless 145.0.0.0 (Windows 10): Executed 6 of 212[31m (1 FAILED)[39m (0 secs / 0.268 secs)
[1A[2KChrome Headless 145.0.0.0 (Windows 10): Executed 7 of 212[31m (1 FAILED)[39m (0 secs / 0.278 secs)
[1A[2KChrome Headless 145.0.0.0 (Windows 10): Executed 8 of 212[31m (1 FAILED)[39m (0 secs / 0.289 secs)
[1A[2KChrome Headless 145.0.0.0 (Windows 10): Executed 9 of 212[31m (1 FAILED)[39m (0 secs / 0.299 secs)
[1A[2KChrome Headless 145.0.0.0 (Windows 10): Executed 10 of 212[31m (1 FAILED)[39m (0 secs / 0.31 secs)
[1A[2KChrome Headless 145.0.0.0 (Windows 10): Executed 11 of 212[31m (1 FAILED)[39m (0 secs / 0.319 secs)
[1A[2KChrome Headless 145.0.0.0 (Windows 10): Executed 12 of 212[31m (1 FAILED)[39m (0 secs / 0.331 secs)
[1A[2KChrome Headless 145.0.0.0 (Windows 10): Executed 13 of 212[31m (1 FAILED)[39m (0 secs / 0.335 secs)
[1A[2KChrome Headless 145.0.0.0 (Windows 10): Executed 14 of 212[31m (1 FAILED)[39m (0 secs / 0.339 secs)
[1A[2KChrome Headless 145.0.0.0 (Windows 10): Executed 15 of 212[31m (1 FAILED)[39m (0 secs / 0.342 secs)
[1A[2KChrome Headless 145.0.0.0 (Windows 10): Executed 16 of 212[31m (1 FAILED)[39m (0 secs / 0.348 secs)
[1A[2KERROR: [36mError: NG04002: Cannot match any routes. URL Segment: 'auth/login'
Error: NG04002: Cannot match any routes. URL Segment: 'auth/login'
    at Recognizer.noMatchError (http://localhost:9876/_karma_webpack_/webpack:/node_modules/@angular/router/fesm2022/router.mjs:3780:16)
    at selector (http://localhost:9876/_karma_webpack_/webpack:/node_modules/@angular/router/fesm2022/router.mjs:3810:28)
    at onError (http://localhost:9876/_karma_webpack_/webpack:/node_modules/rxjs/dist/esm/internal/operators/catchError.js:10:39)
    at OperatorSubscriber._error (http://localhost:9876/_karma_webpack_/webpack:/node_modules/rxjs/dist/esm/internal/operators/OperatorSubscriber.js:23:21)
    at OperatorSubscriber.error (http://localhost:9876/_karma_webpack_/webpack:/node_modules/rxjs/dist/esm/internal/Subscriber.js:40:18)
    at OperatorSubscriber._error (http://localhost:9876/_karma_webpack_/webpack:/node_modules/rxjs/dist/esm/internal/Subscriber.js:64:30)
    at OperatorSubscriber.error (http://localhost:9876/_karma_webpack_/webpack:/node_modules/rxjs/dist/esm/internal/Subscriber.js:40:18)
    at OperatorSubscriber._error (http://localhost:9876/_karma_webpack_/webpack:/node_modules/rxjs/dist/esm/internal/Subscriber.js:64:30)
    at OperatorSubscriber.error (http://localhost:9876/_karma_webpack_/webpack:/node_modules/rxjs/dist/esm/internal/Subscriber.js:40:18)
    at OperatorSubscriber._error (http://localhost:9876/_karma_webpack_/webpack:/node_modules/rxjs/dist/esm/internal/Subscriber.js:64:30)[39m
Chrome Headless 145.0.0.0 (Windows 10): Executed 16 of 212[31m (1 FAILED)[39m (0 secs / 0.348 secs)
ERROR: Error: NG04002: Cannot match any routes. URL Segment: 'auth/login'
Error: NG04002: Cannot match any routes. URL Segment: 'auth/login'
    at Recognizer.noMatchError (http://localhost:9876/_karma_webpack_/webpack:/node_modules/@angular/router/fesm2022/router.mjs:3780:16)
    at selector (http://localhost:9876/_karma_webpack_/webpack:/node_modules/@angular/router/fesm2022/router.mjs:3810:28)
    at onError (http://localhost:9876/_karma_webpack_/webpack:/node_modules/rxjs/dist/esm/internal/operators/catchError.js:10:39)
    at OperatorSubscriber._error (http://localhost:9876/_karma_webpack_/webpack:/node_modules/rxjs/dist/esm/internal/operators/OperatorSubscriber.js:23:21)
    at OperatorSubscriber.error (http://localhost:9876/_karma_webpack_/webpack:/node_modules/rxjs/dist/esm/internal/Subscriber.js:40:18)
    at OperatorSubscriber._error (http://localhost:9876/_karma_webpack_/webpack:/node_modules/rxjs/dist/esm/internal/Subscriber.js:64:30)
    at OperatorSubscriber.error (http://localhost:9876/_karma_webpack_/webpack:/node_modules/rxjs/dist/esm/internal/Subscriber.js:40:18)
    at OperatorSubscriber._error (http://localhost:9876/_karma_webpack_/webpack:/node_modules/rxjs/dist/esm/internal/Subscriber.js:64:30)
    at OperatorSubscriber.error (http://localhost:9876/_karma_webpack_/webpack:/node_modules/rxjs/dist/esm/internal/Subscriber.js:40:18)
    at OperatorSubscriber._error (http://localhost:9876/_karma_webpack_/webpack:/node_modules/rxjs/dist/esm/internal/Subscriber.js:64:30)
[1A[2KChrome Headless 145.0.0.0 (Windows 10): Executed 17 of 212[31m (1 FAILED)[39m (0 secs / 0.385 secs)
[1A[2KChrome Headless 145.0.0.0 (Windows 10): Executed 18 of 212[31m (1 FAILED)[39m (0 secs / 0.388 secs)
[1A[2KChrome Headless 145.0.0.0 (Windows 10): Executed 19 of 212[31m (1 FAILED)[39m (0 secs / 0.39 secs)
[1A[2KChrome Headless 145.0.0.0 (Windows 10): Executed 20 of 212[31m (1 FAILED)[39m (0 secs / 0.392 secs)
[1A[2KChrome Headless 145.0.0.0 (Windows 10): Executed 21 of 212[31m (1 FAILED)[39m (0 secs / 0.395 secs)
[1A[2KChrome Headless 145.0.0.0 (Windows 10): Executed 22 of 212[31m (1 FAILED)[39m (0 secs / 0.398 secs)
[1A[2KChrome Headless 145.0.0.0 (Windows 10): Executed 23 of 212[31m (1 FAILED)[39m (0 secs / 0.4 secs)
[1A[2KChrome Headless 145.0.0.0 (Windows 10): Executed 24 of 212[31m (1 FAILED)[39m (0 secs / 0.402 secs)
[1A[2KChrome Headless 145.0.0.0 (Windows 10): Executed 25 of 212[31m (1 FAILED)[39m (0 secs / 0.403 secs)
[1A[2KChrome Headless 145.0.0.0 (Windows 10): Executed 26 of 212[31m (1 FAILED)[39m (0 secs / 0.405 secs)
[1A[2KChrome Headless 145.0.0.0 (Windows 10): Executed 27 of 212[31m (1 FAILED)[39m (0 secs / 0.408 secs)
[1A[2KChrome Headless 145.0.0.0 (Windows 10): Executed 28 of 212[31m (1 FAILED)[39m (0 secs / 0.41 secs)
[1A[2KChrome Headless 145.0.0.0 (Windows 10): Executed 29 of 212[31m (1 FAILED)[39m (0 secs / 0.412 secs)
[1A[2KChrome Headless 145.0.0.0 (Windows 10): Executed 30 of 212[31m (1 FAILED)[39m (0 secs / 0.416 secs)
[1A[2KChrome Headless 145.0.0.0 (Windows 10): Executed 31 of 212[31m (1 FAILED)[39m (0 secs / 0.42 secs)
[1A[2KChrome Headless 145.0.0.0 (Windows 10): Executed 32 of 212[31m (1 FAILED)[39m (0 secs / 0.423 secs)
[1A[2KChrome Headless 145.0.0.0 (Windows 10): Executed 33 of 212[31m (1 FAILED)[39m (0 secs / 0.426 secs)
[1A[2KChrome Headless 145.0.0.0 (Windows 10): Executed 34 of 212[31m (1 FAILED)[39m (0 secs / 0.429 secs)
[1A[2KChrome Headless 145.0.0.0 (Windows 10): Executed 35 of 212[31m (1 FAILED)[39m (0 secs / 0.432 secs)
[1A[2KChrome Headless 145.0.0.0 (Windows 10): Executed 36 of 212[31m (1 FAILED)[39m (0 secs / 0.434 secs)
[1A[2KChrome Headless 145.0.0.0 (Windows 10): Executed 37 of 212[31m (1 FAILED)[39m (0 secs / 0.435 secs)
[1A[2KChrome Headless 145.0.0.0 (Windows 10): Executed 38 of 212[31m (1 FAILED)[39m (0 secs / 0.437 secs)
[1A[2KChrome Headless 145.0.0.0 (Windows 10): Executed 39 of 212[31m (1 FAILED)[39m (0 secs / 0.438 secs)
[1A[2KChrome Headless 145.0.0.0 (Windows 10): Executed 40 of 212[31m (1 FAILED)[39m (0 secs / 0.44 secs)
[1A[2KERROR: [36mError: NG04002: Cannot match any routes. URL Segment: 'employer/dashboard'
Error: NG04002: Cannot match any routes. URL Segment: 'employer/dashboard'
    at Recognizer.noMatchError (http://localhost:9876/_karma_webpack_/webpack:/node_modules/@angular/router/fesm2022/router.mjs:3780:16)
    at selector (http://localhost:9876/_karma_webpack_/webpack:/node_modules/@angular/router/fesm2022/router.mjs:3810:28)
    at onError (http://localhost:9876/_karma_webpack_/webpack:/node_modules/rxjs/dist/esm/internal/operators/catchError.js:10:39)
    at OperatorSubscriber._error (http://localhost:9876/_karma_webpack_/webpack:/node_modules/rxjs/dist/esm/internal/operators/OperatorSubscriber.js:23:21)
    at OperatorSubscriber.error (http://localhost:9876/_karma_webpack_/webpack:/node_modules/rxjs/dist/esm/internal/Subscriber.js:40:18)
    at OperatorSubscriber._error (http://localhost:9876/_karma_webpack_/webpack:/node_modules/rxjs/dist/esm/internal/Subscriber.js:64:30)
    at OperatorSubscriber.error (http://localhost:9876/_karma_webpack_/webpack:/node_modules/rxjs/dist/esm/internal/Subscriber.js:40:18)
    at OperatorSubscriber._error (http://localhost:9876/_karma_webpack_/webpack:/node_modules/rxjs/dist/esm/internal/Subscriber.js:64:30)
    at OperatorSubscriber.error (http://localhost:9876/_karma_webpack_/webpack:/node_modules/rxjs/dist/esm/internal/Subscriber.js:40:18)
    at OperatorSubscriber._error (http://localhost:9876/_karma_webpack_/webpack:/node_modules/rxjs/dist/esm/internal/Subscriber.js:64:30)[39m
Chrome Headless 145.0.0.0 (Windows 10): Executed 40 of 212[31m (1 FAILED)[39m (0 secs / 0.44 secs)
ERROR: Error: NG04002: Cannot match any routes. URL Segment: 'employer/dashboard'
Error: NG04002: Cannot match any routes. URL Segment: 'employer/dashboard'
    at Recognizer.noMatchError (http://localhost:9876/_karma_webpack_/webpack:/node_modules/@angular/router/fesm2022/router.mjs:3780:16)
    at selector (http://localhost:9876/_karma_webpack_/webpack:/node_modules/@angular/router/fesm2022/router.mjs:3810:28)
    at onError (http://localhost:9876/_karma_webpack_/webpack:/node_modules/rxjs/dist/esm/internal/operators/catchError.js:10:39)
    at OperatorSubscriber._error (http://localhost:9876/_karma_webpack_/webpack:/node_modules/rxjs/dist/esm/internal/operators/OperatorSubscriber.js:23:21)
    at OperatorSubscriber.error (http://localhost:9876/_karma_webpack_/webpack:/node_modules/rxjs/dist/esm/internal/Subscriber.js:40:18)
    at OperatorSubscriber._error (http://localhost:9876/_karma_webpack_/webpack:/node_modules/rxjs/dist/esm/internal/Subscriber.js:64:30)
    at OperatorSubscriber.error (http://localhost:9876/_karma_webpack_/webpack:/node_modules/rxjs/dist/esm/internal/Subscriber.js:40:18)
    at OperatorSubscriber._error (http://localhost:9876/_karma_webpack_/webpack:/node_modules/rxjs/dist/esm/internal/Subscriber.js:64:30)
    at OperatorSubscriber.error (http://localhost:9876/_karma_webpack_/webpack:/node_modules/rxjs/dist/esm/internal/Subscriber.js:40:18)
    at OperatorSubscriber._error (http://localhost:9876/_karma_webpack_/webpack:/node_modules/rxjs/dist/esm/internal/Subscriber.js:64:30)
[1A[2KChrome Headless 145.0.0.0 (Windows 10): Executed 41 of 212[31m (1 FAILED)[39m (0 secs / 0.441 secs)
[1A[2KChrome Headless 145.0.0.0 (Windows 10): Executed 42 of 212[31m (1 FAILED)[39m (0 secs / 0.442 secs)
[1A[2KChrome Headless 145.0.0.0 (Windows 10): Executed 43 of 212[31m (1 FAILED)[39m (0 secs / 0.442 secs)
[1A[2KChrome Headless 145.0.0.0 (Windows 10): Executed 44 of 212[31m (1 FAILED)[39m (0 secs / 0.443 secs)
[1A[2KERROR: [36mError: NG04002: Cannot match any routes. URL Segment: 'auth/login'
Error: NG04002: Cannot match any routes. URL Segment: 'auth/login'
    at Recognizer.noMatchError (http://localhost:9876/_karma_webpack_/webpack:/node_modules/@angular/router/fesm2022/router.mjs:3780:16)
    at selector (http://localhost:9876/_karma_webpack_/webpack:/node_modules/@angular/router/fesm2022/router.mjs:3810:28)
    at onError (http://localhost:9876/_karma_webpack_/webpack:/node_modules/rxjs/dist/esm/internal/operators/catchError.js:10:39)
    at OperatorSubscriber._error (http://localhost:9876/_karma_webpack_/webpack:/node_modules/rxjs/dist/esm/internal/operators/OperatorSubscriber.js:23:21)
    at OperatorSubscriber.error (http://localhost:9876/_karma_webpack_/webpack:/node_modules/rxjs/dist/esm/internal/Subscriber.js:40:18)
    at OperatorSubscriber._error (http://localhost:9876/_karma_webpack_/webpack:/node_modules/rxjs/dist/esm/internal/Subscriber.js:64:30)
    at OperatorSubscriber.error (http://localhost:9876/_karma_webpack_/webpack:/node_modules/rxjs/dist/esm/internal/Subscriber.js:40:18)
    at OperatorSubscriber._error (http://localhost:9876/_karma_webpack_/webpack:/node_modules/rxjs/dist/esm/internal/Subscriber.js:64:30)
    at OperatorSubscriber.error (http://localhost:9876/_karma_webpack_/webpack:/node_modules/rxjs/dist/esm/internal/Subscriber.js:40:18)
    at OperatorSubscriber._error (http://localhost:9876/_karma_webpack_/webpack:/node_modules/rxjs/dist/esm/internal/Subscriber.js:64:30)[39m
Chrome Headless 145.0.0.0 (Windows 10): Executed 44 of 212[31m (1 FAILED)[39m (0 secs / 0.443 secs)
ERROR: Error: NG04002: Cannot match any routes. URL Segment: 'auth/login'
Error: NG04002: Cannot match any routes. URL Segment: 'auth/login'
    at Recognizer.noMatchError (http://localhost:9876/_karma_webpack_/webpack:/node_modules/@angular/router/fesm2022/router.mjs:3780:16)
    at selector (http://localhost:9876/_karma_webpack_/webpack:/node_modules/@angular/router/fesm2022/router.mjs:3810:28)
    at onError (http://localhost:9876/_karma_webpack_/webpack:/node_modules/rxjs/dist/esm/internal/operators/catchError.js:10:39)
    at OperatorSubscriber._error (http://localhost:9876/_karma_webpack_/webpack:/node_modules/rxjs/dist/esm/internal/operators/OperatorSubscriber.js:23:21)
    at OperatorSubscriber.error (http://localhost:9876/_karma_webpack_/webpack:/node_modules/rxjs/dist/esm/internal/Subscriber.js:40:18)
    at OperatorSubscriber._error (http://localhost:9876/_karma_webpack_/webpack:/node_modules/rxjs/dist/esm/internal/Subscriber.js:64:30)
    at OperatorSubscriber.error (http://localhost:9876/_karma_webpack_/webpack:/node_modules/rxjs/dist/esm/internal/Subscriber.js:40:18)
    at OperatorSubscriber._error (http://localhost:9876/_karma_webpack_/webpack:/node_modules/rxjs/dist/esm/internal/Subscriber.js:64:30)
    at OperatorSubscriber.error (http://localhost:9876/_karma_webpack_/webpack:/node_modules/rxjs/dist/esm/internal/Subscriber.js:40:18)
    at OperatorSubscriber._error (http://localhost:9876/_karma_webpack_/webpack:/node_modules/rxjs/dist/esm/internal/Subscriber.js:64:30)
[1A[2KChrome Headless 145.0.0.0 (Windows 10): Executed 45 of 212[31m (1 FAILED)[39m (0 secs / 0.492 secs)
[1A[2K[31mChrome Headless 145.0.0.0 (Windows 10) RegisterComponent sendOtp() should set isSendingOtp to false and otpSent stays false on error FAILED[39m
	Error: 2 timer(s) still in the queue.
	    at UserContext.apply (node_modules/zone.js/fesm2015/zone-testing.js:1719:27)
	    at _ZoneDelegate.invoke (node_modules/zone.js/fesm2015/zone.js:369:28)
	    at ProxyZoneSpec.onInvoke (node_modules/zone.js/fesm2015/zone-testing.js:2081:39)
	    at _ZoneDelegate.invoke (node_modules/zone.js/fesm2015/zone.js:368:34)
	    at ZoneImpl.run (node_modules/zone.js/fesm2015/zone.js:111:43)
	    at runInTestZone (node_modules/zone.js/fesm2015/zone-testing.js:216:38)
	    at UserContext.<anonymous> (node_modules/zone.js/fesm2015/zone-testing.js:234:32)
	    at <Jasmine>
Chrome Headless 145.0.0.0 (Windows 10): Executed 46 of 212[31m (2 FAILED)[39m (0 secs / 0.53 secs)
[1A[2KWARN: [36m'Navigation triggered outside Angular zone, did you forget to call 'ngZone.run()'?'[39m
Chrome Headless 145.0.0.0 (Windows 10): Executed 46 of 212[31m (2 FAILED)[39m (0 secs / 0.53 secs)
WARN: 'Navigation triggered outside Angular zone, did you forget to call 'ngZone.run()'?'
[1A[2KChrome Headless 145.0.0.0 (Windows 10): Executed 47 of 212[31m (2 FAILED)[39m (0 secs / 0.547 secs)
[1A[2K[31mChrome Headless 145.0.0.0 (Windows 10) RegisterComponent sendOtp() should call authService.sendOtp with valid email and start countdown FAILED[39m
	Error: 3 timer(s) still in the queue.
	    at UserContext.apply (node_modules/zone.js/fesm2015/zone-testing.js:1719:27)
	    at _ZoneDelegate.invoke (node_modules/zone.js/fesm2015/zone.js:369:28)
	    at ProxyZoneSpec.onInvoke (node_modules/zone.js/fesm2015/zone-testing.js:2081:39)
	    at _ZoneDelegate.invoke (node_modules/zone.js/fesm2015/zone.js:368:34)
	    at ZoneImpl.run (node_modules/zone.js/fesm2015/zone.js:111:43)
	    at runInTestZone (node_modules/zone.js/fesm2015/zone-testing.js:216:38)
	    at UserContext.<anonymous> (node_modules/zone.js/fesm2015/zone-testing.js:234:32)
	    at <Jasmine>
Chrome Headless 145.0.0.0 (Windows 10): Executed 48 of 212[31m (3 FAILED)[39m (0 secs / 0.565 secs)
[1A[2KChrome Headless 145.0.0.0 (Windows 10): Executed 49 of 212[31m (3 FAILED)[39m (0 secs / 0.581 secs)
[1A[2KChrome Headless 145.0.0.0 (Windows 10): Executed 50 of 212[31m (3 FAILED)[39m (0 secs / 0.59 secs)
[1A[2KChrome Headless 145.0.0.0 (Windows 10): Executed 51 of 212[31m (3 FAILED)[39m (0 secs / 0.601 secs)
[1A[2KChrome Headless 145.0.0.0 (Windows 10): Executed 52 of 212[31m (3 FAILED)[39m (0 secs / 0.61 secs)
[1A[2KChrome Headless 145.0.0.0 (Windows 10): Executed 53 of 212[31m (3 FAILED)[39m (0 secs / 0.62 secs)
[1A[2KChrome Headless 145.0.0.0 (Windows 10): Executed 54 of 212[31m (3 FAILED)[39m (0 secs / 0.644 secs)
[1A[2KChrome Headless 145.0.0.0 (Windows 10): Executed 55 of 212[31m (3 FAILED)[39m (0 secs / 0.653 secs)
[1A[2KChrome Headless 145.0.0.0 (Windows 10): Executed 56 of 212[31m (3 FAILED)[39m (0 secs / 0.662 secs)
[1A[2K[31mChrome Headless 145.0.0.0 (Windows 10) RegisterComponent onSubmit() should include otpCode in register payload when all conditions met FAILED[39m
	Error: 3 timer(s) still in the queue.
	    at UserContext.apply (node_modules/zone.js/fesm2015/zone-testing.js:1719:27)
	    at _ZoneDelegate.invoke (node_modules/zone.js/fesm2015/zone.js:369:28)
	    at ProxyZoneSpec.onInvoke (node_modules/zone.js/fesm2015/zone-testing.js:2081:39)
	    at _ZoneDelegate.invoke (node_modules/zone.js/fesm2015/zone.js:368:34)
	    at ZoneImpl.run (node_modules/zone.js/fesm2015/zone.js:111:43)
	    at runInTestZone (node_modules/zone.js/fesm2015/zone-testing.js:216:38)
	    at UserContext.<anonymous> (node_modules/zone.js/fesm2015/zone-testing.js:234:32)
	    at <Jasmine>
Chrome Headless 145.0.0.0 (Windows 10): Executed 57 of 212[31m (4 FAILED)[39m (0 secs / 0.682 secs)
[1A[2KChrome Headless 145.0.0.0 (Windows 10): Executed 58 of 212[31m (4 FAILED)[39m (0 secs / 0.698 secs)
[1A[2KWARN: [36m'Navigation triggered outside Angular zone, did you forget to call 'ngZone.run()'?'[39m
Chrome Headless 145.0.0.0 (Windows 10): Executed 58 of 212[31m (4 FAILED)[39m (0 secs / 0.698 secs)
WARN: 'Navigation triggered outside Angular zone, did you forget to call 'ngZone.run()'?'
[1A[2KChrome Headless 145.0.0.0 (Windows 10): Executed 59 of 212[31m (4 FAILED)[39m (0 secs / 0.714 secs)
[1A[2KChrome Headless 145.0.0.0 (Windows 10): Executed 60 of 212[31m (4 FAILED)[39m (0 secs / 0.722 secs)
[1A[2KChrome Headless 145.0.0.0 (Windows 10): Executed 61 of 212[31m (4 FAILED)[39m (0 secs / 0.755 secs)
[1A[2KChrome Headless 145.0.0.0 (Windows 10): Executed 62 of 212[31m (4 FAILED)[39m (0 secs / 0.821 secs)
[1A[2KChrome Headless 145.0.0.0 (Windows 10): Executed 63 of 212[31m (4 FAILED)[39m (0 secs / 0.83 secs)
[1A[2KChrome Headless 145.0.0.0 (Windows 10): Executed 64 of 212[31m (4 FAILED)[39m (0 secs / 0.838 secs)
[1A[2KChrome Headless 145.0.0.0 (Windows 10): Executed 65 of 212[31m (4 FAILED)[39m (0 secs / 0.845 secs)
[1A[2KChrome Headless 145.0.0.0 (Windows 10): Executed 66 of 212[31m (4 FAILED)[39m (0 secs / 0.853 secs)
[1A[2K[31mChrome Headless 145.0.0.0 (Windows 10) Seeker ProfileComponent saveProfile() should call profileService.updateProfile FAILED[39m
	Error: 3 timer(s) still in the queue.
	    at UserContext.apply (node_modules/zone.js/fesm2015/zone-testing.js:1719:27)
	    at _ZoneDelegate.invoke (node_modules/zone.js/fesm2015/zone.js:369:28)
	    at ProxyZoneSpec.onInvoke (node_modules/zone.js/fesm2015/zone-testing.js:2081:39)
	    at _ZoneDelegate.invoke (node_modules/zone.js/fesm2015/zone.js:368:34)
	    at ZoneImpl.run (node_modules/zone.js/fesm2015/zone.js:111:43)
	    at runInTestZone (node_modules/zone.js/fesm2015/zone-testing.js:216:38)
	    at UserContext.<anonymous> (node_modules/zone.js/fesm2015/zone-testing.js:234:32)
	    at <Jasmine>
Chrome Headless 145.0.0.0 (Windows 10): Executed 67 of 212[31m (5 FAILED)[39m (0 secs / 0.879 secs)
[1A[2K[31mChrome Headless 145.0.0.0 (Windows 10) Seeker ProfileComponent saveProfile() should set isEditing = false on success FAILED[39m
	Error: 3 timer(s) still in the queue.
	    at UserContext.apply (node_modules/zone.js/fesm2015/zone-testing.js:1719:27)
	    at _ZoneDelegate.invoke (node_modules/zone.js/fesm2015/zone.js:369:28)
	    at ProxyZoneSpec.onInvoke (node_modules/zone.js/fesm2015/zone-testing.js:2081:39)
	    at _ZoneDelegate.invoke (node_modules/zone.js/fesm2015/zone.js:368:34)
	    at ZoneImpl.run (node_modules/zone.js/fesm2015/zone.js:111:43)
	    at runInTestZone (node_modules/zone.js/fesm2015/zone-testing.js:216:38)
	    at UserContext.<anonymous> (node_modules/zone.js/fesm2015/zone-testing.js:234:32)
	    at <Jasmine>
Chrome Headless 145.0.0.0 (Windows 10): Executed 68 of 212[31m (6 FAILED)[39m (0 secs / 0.892 secs)
[1A[2KChrome Headless 145.0.0.0 (Windows 10): Executed 69 of 212[31m (6 FAILED)[39m (0 secs / 0.899 secs)
[1A[2KChrome Headless 145.0.0.0 (Windows 10): Executed 70 of 212[31m (6 FAILED)[39m (0 secs / 0.906 secs)
[1A[2KChrome Headless 145.0.0.0 (Windows 10): Executed 71 of 212[31m (6 FAILED)[39m (0 secs / 0.913 secs)
[1A[2KChrome Headless 145.0.0.0 (Windows 10): Executed 72 of 212[31m (6 FAILED)[39m (0 secs / 0.921 secs)
[1A[2KChrome Headless 145.0.0.0 (Windows 10): Executed 73 of 212[31m (6 FAILED)[39m (0 secs / 0.928 secs)
[1A[2KChrome Headless 145.0.0.0 (Windows 10): Executed 74 of 212[31m (6 FAILED)[39m (0 secs / 0.935 secs)
[1A[2KChrome Headless 145.0.0.0 (Windows 10): Executed 75 of 212[31m (6 FAILED)[39m (0 secs / 0.942 secs)
[1A[2KChrome Headless 145.0.0.0 (Windows 10): Executed 76 of 212[31m (6 FAILED)[39m (0 secs / 0.949 secs)
[1A[2KChrome Headless 145.0.0.0 (Windows 10): Executed 77 of 212[31m (6 FAILED)[39m (0 secs / 0.955 secs)
[1A[2KChrome Headless 145.0.0.0 (Windows 10): Executed 78 of 212[31m (6 FAILED)[39m (0 secs / 0.963 secs)
[1A[2KChrome Headless 145.0.0.0 (Windows 10): Executed 79 of 212[31m (6 FAILED)[39m (0 secs / 0.969 secs)
[1A[2KChrome Headless 145.0.0.0 (Windows 10): Executed 80 of 212[31m (6 FAILED)[39m (0 secs / 0.975 secs)
[1A[2KChrome Headless 145.0.0.0 (Windows 10): Executed 81 of 212[31m (6 FAILED)[39m (0 secs / 0.976 secs)
[1A[2KChrome Headless 145.0.0.0 (Windows 10): Executed 82 of 212[31m (6 FAILED)[39m (0 secs / 0.977 secs)
[1A[2KChrome Headless 145.0.0.0 (Windows 10): Executed 83 of 212[31m (6 FAILED)[39m (0 secs / 0.978 secs)
[1A[2KChrome Headless 145.0.0.0 (Windows 10): Executed 84 of 212[31m (6 FAILED)[39m (0 secs / 0.979 secs)
[1A[2KChrome Headless 145.0.0.0 (Windows 10): Executed 85 of 212[31m (6 FAILED)[39m (0 secs / 0.981 secs)
[1A[2KChrome Headless 145.0.0.0 (Windows 10): Executed 86 of 212[31m (6 FAILED)[39m (0 secs / 0.982 secs)
[1A[2KChrome Headless 145.0.0.0 (Windows 10): Executed 87 of 212[31m (6 FAILED)[39m (0 secs / 0.983 secs)
[1A[2KChrome Headless 145.0.0.0 (Windows 10): Executed 88 of 212[31m (6 FAILED)[39m (0 secs / 0.984 secs)
[1A[2KChrome Headless 145.0.0.0 (Windows 10): Executed 89 of 212[31m (6 FAILED)[39m (0 secs / 0.986 secs)
[1A[2KChrome Headless 145.0.0.0 (Windows 10): Executed 90 of 212[31m (6 FAILED)[39m (0 secs / 0.987 secs)
[1A[2KChrome Headless 145.0.0.0 (Windows 10): Executed 91 of 212[31m (6 FAILED)[39m (0 secs / 0.988 secs)
[1A[2KChrome Headless 145.0.0.0 (Windows 10): Executed 92 of 212[31m (6 FAILED)[39m (0 secs / 0.989 secs)
[1A[2KChrome Headless 145.0.0.0 (Windows 10): Executed 93 of 212[31m (6 FAILED)[39m (0 secs / 0.991 secs)
[1A[2KChrome Headless 145.0.0.0 (Windows 10): Executed 94 of 212[31m (6 FAILED)[39m (0 secs / 0.993 secs)
[1A[2KChrome Headless 145.0.0.0 (Windows 10): Executed 95 of 212[31m (6 FAILED)[39m (0 secs / 0.994 secs)
[1A[2KChrome Headless 145.0.0.0 (Windows 10): Executed 96 of 212[31m (6 FAILED)[39m (0 secs / 1.091 secs)
[1A[2KChrome Headless 145.0.0.0 (Windows 10): Executed 97 of 212[31m (6 FAILED)[39m (0 secs / 1.095 secs)
[1A[2KChrome Headless 145.0.0.0 (Windows 10): Executed 98 of 212[31m (6 FAILED)[39m (0 secs / 1.098 secs)
[1A[2KChrome Headless 145.0.0.0 (Windows 10): Executed 99 of 212[31m (6 FAILED)[39m (0 secs / 1.102 secs)
[1A[2KChrome Headless 145.0.0.0 (Windows 10): Executed 100 of 212[31m (6 FAILED)[39m (0 secs / 1.107 secs)
[1A[2KChrome Headless 145.0.0.0 (Windows 10): Executed 101 of 212[31m (6 FAILED)[39m (0 secs / 1.109 secs)
[1A[2KChrome Headless 145.0.0.0 (Windows 10): Executed 102 of 212[31m (6 FAILED)[39m (0 secs / 1.11 secs)
[1A[2KChrome Headless 145.0.0.0 (Windows 10): Executed 103 of 212[31m (6 FAILED)[39m (0 secs / 1.111 secs)
[1A[2KChrome Headless 145.0.0.0 (Windows 10): Executed 104 of 212[31m (6 FAILED)[39m (0 secs / 1.113 secs)
[1A[2KChrome Headless 145.0.0.0 (Windows 10): Executed 105 of 212[31m (6 FAILED)[39m (0 secs / 1.114 secs)
[1A[2KChrome Headless 145.0.0.0 (Windows 10): Executed 106 of 212[31m (6 FAILED)[39m (0 secs / 1.116 secs)
[1A[2KChrome Headless 145.0.0.0 (Windows 10): Executed 107 of 212[31m (6 FAILED)[39m (0 secs / 1.118 secs)
[1A[2KChrome Headless 145.0.0.0 (Windows 10): Executed 108 of 212[31m (6 FAILED)[39m (0 secs / 1.12 secs)
[1A[2KChrome Headless 145.0.0.0 (Windows 10): Executed 109 of 212[31m (6 FAILED)[39m (0 secs / 1.121 secs)
[1A[2KChrome Headless 145.0.0.0 (Windows 10): Executed 110 of 212[31m (6 FAILED)[39m (0 secs / 1.122 secs)
[1A[2KChrome Headless 145.0.0.0 (Windows 10): Executed 111 of 212[31m (6 FAILED)[39m (0 secs / 1.123 secs)
[1A[2KChrome Headless 145.0.0.0 (Windows 10): Executed 112 of 212[31m (6 FAILED)[39m (0 secs / 1.124 secs)
[1A[2KChrome Headless 145.0.0.0 (Windows 10): Executed 113 of 212[31m (6 FAILED)[39m (0 secs / 1.125 secs)
[1A[2KChrome Headless 145.0.0.0 (Windows 10): Executed 114 of 212[31m (6 FAILED)[39m (0 secs / 1.126 secs)
[1A[2KChrome Headless 145.0.0.0 (Windows 10): Executed 115 of 212[31m (6 FAILED)[39m (0 secs / 1.128 secs)
[1A[2KChrome Headless 145.0.0.0 (Windows 10): Executed 116 of 212[31m (6 FAILED)[39m (0 secs / 1.129 secs)
[1A[2KChrome Headless 145.0.0.0 (Windows 10): Executed 117 of 212[31m (6 FAILED)[39m (0 secs / 1.131 secs)
[1A[2KChrome Headless 145.0.0.0 (Windows 10): Executed 118 of 212[31m (6 FAILED)[39m (0 secs / 1.133 secs)
[1A[2KChrome Headless 145.0.0.0 (Windows 10): Executed 119 of 212[31m (6 FAILED)[39m (0 secs / 1.134 secs)
[1A[2KChrome Headless 145.0.0.0 (Windows 10): Executed 120 of 212[31m (6 FAILED)[39m (0 secs / 1.135 secs)
[1A[2KChrome Headless 145.0.0.0 (Windows 10): Executed 121 of 212[31m (6 FAILED)[39m (0 secs / 1.136 secs)
[1A[2KChrome Headless 145.0.0.0 (Windows 10): Executed 122 of 212[31m (6 FAILED)[39m (0 secs / 1.137 secs)
[1A[2KChrome Headless 145.0.0.0 (Windows 10): Executed 123 of 212[31m (6 FAILED)[39m (0 secs / 1.138 secs)
[1A[2KChrome Headless 145.0.0.0 (Windows 10): Executed 124 of 212[31m (6 FAILED)[39m (0 secs / 1.139 secs)
[1A[2KChrome Headless 145.0.0.0 (Windows 10): Executed 125 of 212[31m (6 FAILED)[39m (0 secs / 1.14 secs)
[1A[2KChrome Headless 145.0.0.0 (Windows 10): Executed 126 of 212[31m (6 FAILED)[39m (0 secs / 1.142 secs)
[1A[2KChrome Headless 145.0.0.0 (Windows 10): Executed 127 of 212[31m (6 FAILED)[39m (0 secs / 1.144 secs)
[1A[2KChrome Headless 145.0.0.0 (Windows 10): Executed 128 of 212[31m (6 FAILED)[39m (0 secs / 1.146 secs)
[1A[2KChrome Headless 145.0.0.0 (Windows 10): Executed 129 of 212[31m (6 FAILED)[39m (0 secs / 1.192 secs)
[1A[2KChrome Headless 145.0.0.0 (Windows 10): Executed 130 of 212[31m (6 FAILED)[39m (0 secs / 1.201 secs)
[1A[2KChrome Headless 145.0.0.0 (Windows 10): Executed 131 of 212[31m (6 FAILED)[39m (0 secs / 1.208 secs)
[1A[2KChrome Headless 145.0.0.0 (Windows 10): Executed 132 of 212[31m (6 FAILED)[39m (0 secs / 1.216 secs)
[1A[2KChrome Headless 145.0.0.0 (Windows 10): Executed 133 of 212[31m (6 FAILED)[39m (0 secs / 1.223 secs)
[1A[2KChrome Headless 145.0.0.0 (Windows 10): Executed 134 of 212[31m (6 FAILED)[39m (0 secs / 1.23 secs)
[1A[2KChrome Headless 145.0.0.0 (Windows 10): Executed 135 of 212[31m (6 FAILED)[39m (0 secs / 1.238 secs)
[1A[2KChrome Headless 145.0.0.0 (Windows 10): Executed 136 of 212[31m (6 FAILED)[39m (0 secs / 1.249 secs)
[1A[2K[31mChrome Headless 145.0.0.0 (Windows 10) Employer DashboardComponent duplicateJob() should call postJob with title containing (Copy) FAILED[39m
	Error: 3 timer(s) still in the queue.
	    at UserContext.apply (node_modules/zone.js/fesm2015/zone-testing.js:1719:27)
	    at _ZoneDelegate.invoke (node_modules/zone.js/fesm2015/zone.js:369:28)
	    at ProxyZoneSpec.onInvoke (node_modules/zone.js/fesm2015/zone-testing.js:2081:39)
	    at _ZoneDelegate.invoke (node_modules/zone.js/fesm2015/zone.js:368:34)
	    at ZoneImpl.run (node_modules/zone.js/fesm2015/zone.js:111:43)
	    at runInTestZone (node_modules/zone.js/fesm2015/zone-testing.js:216:38)
	    at UserContext.<anonymous> (node_modules/zone.js/fesm2015/zone-testing.js:234:32)
	    at <Jasmine>
Chrome Headless 145.0.0.0 (Windows 10): Executed 137 of 212[31m (7 FAILED)[39m (0 secs / 1.368 secs)
[1A[2KChrome Headless 145.0.0.0 (Windows 10): Executed 138 of 212[31m (7 FAILED)[39m (0 secs / 1.376 secs)
[1A[2KChrome Headless 145.0.0.0 (Windows 10): Executed 139 of 212[31m (7 FAILED)[39m (0 secs / 1.424 secs)
[1A[2KChrome Headless 145.0.0.0 (Windows 10): Executed 140 of 212[31m (7 FAILED)[39m (0 secs / 1.432 secs)
[1A[2KChrome Headless 145.0.0.0 (Windows 10): Executed 141 of 212[31m (7 FAILED)[39m (0 secs / 1.44 secs)
[1A[2KChrome Headless 145.0.0.0 (Windows 10): Executed 142 of 212[31m (7 FAILED)[39m (0 secs / 1.448 secs)
[1A[2KChrome Headless 145.0.0.0 (Windows 10): Executed 143 of 212[31m (7 FAILED)[39m (0 secs / 1.46 secs)
[1A[2KChrome Headless 145.0.0.0 (Windows 10): Executed 144 of 212[31m (7 FAILED)[39m (0 secs / 1.468 secs)
[1A[2KChrome Headless 145.0.0.0 (Windows 10): Executed 145 of 212[31m (7 FAILED)[39m (0 secs / 1.476 secs)
[1A[2K[31mChrome Headless 145.0.0.0 (Windows 10) PostJobComponent onSubmit() should call jobService.postJob with employerId when form and skills are valid FAILED[39m
	Error: 3 timer(s) still in the queue.
	    at UserContext.apply (node_modules/zone.js/fesm2015/zone-testing.js:1719:27)
	    at _ZoneDelegate.invoke (node_modules/zone.js/fesm2015/zone.js:369:28)
	    at ProxyZoneSpec.onInvoke (node_modules/zone.js/fesm2015/zone-testing.js:2081:39)
	    at _ZoneDelegate.invoke (node_modules/zone.js/fesm2015/zone.js:368:34)
	    at ZoneImpl.run (node_modules/zone.js/fesm2015/zone.js:111:43)
	    at runInTestZone (node_modules/zone.js/fesm2015/zone-testing.js:216:38)
	    at UserContext.<anonymous> (node_modules/zone.js/fesm2015/zone-testing.js:234:32)
	    at <Jasmine>
Chrome Headless 145.0.0.0 (Windows 10): Executed 146 of 212[31m (8 FAILED)[39m (0 secs / 1.498 secs)
[1A[2K[31mChrome Headless 145.0.0.0 (Windows 10) PostJobComponent onSubmit() should set isLoading = false on error FAILED[39m
	Error: 2 timer(s) still in the queue.
	    at UserContext.apply (node_modules/zone.js/fesm2015/zone-testing.js:1719:27)
	    at _ZoneDelegate.invoke (node_modules/zone.js/fesm2015/zone.js:369:28)
	    at ProxyZoneSpec.onInvoke (node_modules/zone.js/fesm2015/zone-testing.js:2081:39)
	    at _ZoneDelegate.invoke (node_modules/zone.js/fesm2015/zone.js:368:34)
	    at ZoneImpl.run (node_modules/zone.js/fesm2015/zone.js:111:43)
	    at runInTestZone (node_modules/zone.js/fesm2015/zone-testing.js:216:38)
	    at UserContext.<anonymous> (node_modules/zone.js/fesm2015/zone-testing.js:234:32)
	    at <Jasmine>
Chrome Headless 145.0.0.0 (Windows 10): Executed 147 of 212[31m (9 FAILED)[39m (0 secs / 1.517 secs)
[1A[2KWARN: [36m'Navigation triggered outside Angular zone, did you forget to call 'ngZone.run()'?'[39m
Chrome Headless 145.0.0.0 (Windows 10): Executed 147 of 212[31m (9 FAILED)[39m (0 secs / 1.517 secs)
WARN: 'Navigation triggered outside Angular zone, did you forget to call 'ngZone.run()'?'
[1A[2KChrome Headless 145.0.0.0 (Windows 10): Executed 148 of 212[31m (9 FAILED)[39m (0 secs / 1.531 secs)
[1A[2KChrome Headless 145.0.0.0 (Windows 10): Executed 149 of 212[31m (9 FAILED)[39m (0 secs / 1.539 secs)
[1A[2KChrome Headless 145.0.0.0 (Windows 10): Executed 150 of 212[31m (9 FAILED)[39m (0 secs / 1.547 secs)
[1A[2KChrome Headless 145.0.0.0 (Windows 10): Executed 151 of 212[31m (9 FAILED)[39m (0 secs / 1.555 secs)
[1A[2KChrome Headless 145.0.0.0 (Windows 10): Executed 152 of 212[31m (9 FAILED)[39m (0 secs / 1.562 secs)
[1A[2KChrome Headless 145.0.0.0 (Windows 10): Executed 153 of 212[31m (9 FAILED)[39m (0 secs / 1.569 secs)
[1A[2KChrome Headless 145.0.0.0 (Windows 10): Executed 154 of 212[31m (9 FAILED)[39m (0 secs / 1.592 secs)
[1A[2KChrome Headless 145.0.0.0 (Windows 10): Executed 155 of 212[31m (9 FAILED)[39m (0 secs / 1.597 secs)
[1A[2KChrome Headless 145.0.0.0 (Windows 10): Executed 156 of 212[31m (9 FAILED)[39m (0 secs / 1.603 secs)
[1A[2KChrome Headless 145.0.0.0 (Windows 10): Executed 157 of 212[31m (9 FAILED)[39m (0 secs / 1.607 secs)
[1A[2KChrome Headless 145.0.0.0 (Windows 10): Executed 158 of 212[31m (9 FAILED)[39m (0 secs / 1.612 secs)
[1A[2KChrome Headless 145.0.0.0 (Windows 10): Executed 159 of 212[31m (9 FAILED)[39m (0 secs / 1.615 secs)
[1A[2KChrome Headless 145.0.0.0 (Windows 10): Executed 160 of 212[31m (9 FAILED)[39m (0 secs / 1.619 secs)
[1A[2KChrome Headless 145.0.0.0 (Windows 10): Executed 161 of 212[31m (9 FAILED)[39m (0 secs / 1.623 secs)
[1A[2KChrome Headless 145.0.0.0 (Windows 10): Executed 162 of 212[31m (9 FAILED)[39m (0 secs / 1.626 secs)
[1A[2KChrome Headless 145.0.0.0 (Windows 10): Executed 163 of 212[31m (9 FAILED)[39m (0 secs / 1.63 secs)
[1A[2KChrome Headless 145.0.0.0 (Windows 10): Executed 164 of 212[31m (9 FAILED)[39m (0 secs / 1.701 secs)
[1A[2KChrome Headless 145.0.0.0 (Windows 10): Executed 165 of 212[31m (9 FAILED)[39m (0 secs / 1.712 secs)
[1A[2KChrome Headless 145.0.0.0 (Windows 10): Executed 166 of 212[31m (9 FAILED)[39m (0 secs / 1.721 secs)
[1A[2KChrome Headless 145.0.0.0 (Windows 10): Executed 167 of 212[31m (9 FAILED)[39m (0 secs / 1.731 secs)
[1A[2KChrome Headless 145.0.0.0 (Windows 10): Executed 168 of 212[31m (9 FAILED)[39m (0 secs / 1.744 secs)
[1A[2KChrome Headless 145.0.0.0 (Windows 10): Executed 169 of 212[31m (9 FAILED)[39m (0 secs / 1.753 secs)
[1A[2KChrome Headless 145.0.0.0 (Windows 10): Executed 170 of 212[31m (9 FAILED)[39m (0 secs / 1.769 secs)
[1A[2KChrome Headless 145.0.0.0 (Windows 10): Executed 171 of 212[31m (9 FAILED)[39m (0 secs / 1.785 secs)
[1A[2KChrome Headless 145.0.0.0 (Windows 10): Executed 172 of 212[31m (9 FAILED)[39m (0 secs / 1.8 secs)
[1A[2KChrome Headless 145.0.0.0 (Windows 10): Executed 173 of 212[31m (9 FAILED)[39m (0 secs / 1.815 secs)
[1A[2KChrome Headless 145.0.0.0 (Windows 10): Executed 174 of 212[31m (9 FAILED)[39m (0 secs / 1.83 secs)
[1A[2KChrome Headless 145.0.0.0 (Windows 10): Executed 175 of 212[31m (9 FAILED)[39m (0 secs / 1.847 secs)
[1A[2KChrome Headless 145.0.0.0 (Windows 10): Executed 176 of 212[31m (9 FAILED)[39m (0 secs / 1.86 secs)
[1A[2KChrome Headless 145.0.0.0 (Windows 10): Executed 177 of 212[31m (9 FAILED)[39m (0 secs / 1.87 secs)
[1A[2KChrome Headless 145.0.0.0 (Windows 10): Executed 178 of 212[31m (9 FAILED)[39m (0 secs / 1.882 secs)
[1A[2KChrome Headless 145.0.0.0 (Windows 10): Executed 179 of 212[31m (9 FAILED)[39m (0 secs / 1.891 secs)
[1A[2KChrome Headless 145.0.0.0 (Windows 10): Executed 180 of 212[31m (9 FAILED)[39m (0 secs / 1.9 secs)
[1A[2KChrome Headless 145.0.0.0 (Windows 10): Executed 181 of 212[31m (9 FAILED)[39m (0 secs / 1.909 secs)
[1A[2KChrome Headless 145.0.0.0 (Windows 10): Executed 182 of 212[31m (9 FAILED)[39m (0 secs / 1.918 secs)
[1A[2KChrome Headless 145.0.0.0 (Windows 10): Executed 183 of 212[31m (9 FAILED)[39m (0 secs / 1.919 secs)
[1A[2KChrome Headless 145.0.0.0 (Windows 10): Executed 184 of 212[31m (9 FAILED)[39m (0 secs / 1.921 secs)
[1A[2KChrome Headless 145.0.0.0 (Windows 10): Executed 185 of 212[31m (9 FAILED)[39m (0 secs / 1.922 secs)
[1A[2KChrome Headless 145.0.0.0 (Windows 10): Executed 186 of 212[31m (9 FAILED)[39m (0 secs / 1.923 secs)
[1A[2KChrome Headless 145.0.0.0 (Windows 10): Executed 187 of 212[31m (9 FAILED)[39m (0 secs / 1.924 secs)
[1A[2KChrome Headless 145.0.0.0 (Windows 10): Executed 188 of 212[31m (9 FAILED)[39m (0 secs / 1.988 secs)
[1A[2KChrome Headless 145.0.0.0 (Windows 10): Executed 189 of 212[31m (9 FAILED)[39m (0 secs / 2.021 secs)
[1A[2KChrome Headless 145.0.0.0 (Windows 10): Executed 190 of 212[31m (9 FAILED)[39m (0 secs / 2.028 secs)
[1A[2KChrome Headless 145.0.0.0 (Windows 10): Executed 191 of 212[31m (9 FAILED)[39m (0 secs / 2.035 secs)
[1A[2KChrome Headless 145.0.0.0 (Windows 10): Executed 192 of 212[31m (9 FAILED)[39m (0 secs / 2.055 secs)
[1A[2KChrome Headless 145.0.0.0 (Windows 10): Executed 193 of 212[31m (9 FAILED)[39m (0 secs / 2.062 secs)
[1A[2K[31mChrome Headless 145.0.0.0 (Windows 10) Seeker DashboardComponent groupedNotifications getter should group notifications by type FAILED[39m
	Expected undefined to be 2.
	    at <Jasmine>
	    at UserContext.apply (src/app/features/seeker/dashboard/dashboard.component.spec.ts:207:38)
	    at _ZoneDelegate.invoke (node_modules/zone.js/fesm2015/zone.js:369:28)
	    at ProxyZoneSpec.onInvoke (node_modules/zone.js/fesm2015/zone-testing.js:2081:39)
	    at _ZoneDelegate.invoke (node_modules/zone.js/fesm2015/zone.js:368:34)
Chrome Headless 145.0.0.0 (Windows 10): Executed 194 of 212[31m (10 FAILED)[39m (0 secs / 2.072 secs)
[1A[2KChrome Headless 145.0.0.0 (Windows 10): Executed 195 of 212[31m (10 FAILED)[39m (0 secs / 2.08 secs)
[1A[2KChrome Headless 145.0.0.0 (Windows 10): Executed 196 of 212[31m (10 FAILED)[39m (0 secs / 2.087 secs)
[1A[2KChrome Headless 145.0.0.0 (Windows 10): Executed 197 of 212[31m (10 FAILED)[39m (0 secs / 2.095 secs)
[1A[2KChrome Headless 145.0.0.0 (Windows 10): Executed 198 of 212[31m (10 FAILED)[39m (0 secs / 2.102 secs)
[1A[2KChrome Headless 145.0.0.0 (Windows 10): Executed 199 of 212[31m (10 FAILED)[39m (0 secs / 2.111 secs)
[1A[2KChrome Headless 145.0.0.0 (Windows 10): Executed 200 of 212[31m (10 FAILED)[39m (0 secs / 2.118 secs)
[1A[2KChrome Headless 145.0.0.0 (Windows 10): Executed 201 of 212[31m (10 FAILED)[39m (0 secs / 2.126 secs)
[1A[2KChrome Headless 145.0.0.0 (Windows 10): Executed 202 of 212[31m (10 FAILED)[39m (0 secs / 2.133 secs)
[1A[2KChrome Headless 145.0.0.0 (Windows 10): Executed 203 of 212[31m (10 FAILED)[39m (0 secs / 2.141 secs)
[1A[2KChrome Headless 145.0.0.0 (Windows 10): Executed 204 of 212[31m (10 FAILED)[39m (0 secs / 2.147 secs)
[1A[2KChrome Headless 145.0.0.0 (Windows 10): Executed 205 of 212[31m (10 FAILED)[39m (0 secs / 2.159 secs)
[1A[2K[31mChrome Headless 145.0.0.0 (Windows 10) SavedJobsComponent unsaveJob() should remove job from savedJobs list after unsave FAILED[39m
	Error: 3 timer(s) still in the queue.
	    at UserContext.apply (node_modules/zone.js/fesm2015/zone-testing.js:1719:27)
	    at _ZoneDelegate.invoke (node_modules/zone.js/fesm2015/zone.js:369:28)
	    at ProxyZoneSpec.onInvoke (node_modules/zone.js/fesm2015/zone-testing.js:2081:39)
	    at _ZoneDelegate.invoke (node_modules/zone.js/fesm2015/zone.js:368:34)
	    at ZoneImpl.run (node_modules/zone.js/fesm2015/zone.js:111:43)
	    at runInTestZone (node_modules/zone.js/fesm2015/zone-testing.js:216:38)
	    at UserContext.<anonymous> (node_modules/zone.js/fesm2015/zone-testing.js:234:32)
	    at <Jasmine>
Chrome Headless 145.0.0.0 (Windows 10): Executed 206 of 212[31m (11 FAILED)[39m (0 secs / 2.171 secs)
[1A[2K[31mChrome Headless 145.0.0.0 (Windows 10) SavedJobsComponent unsaveJob() should keep remaining jobs after unsave FAILED[39m
	Error: 3 timer(s) still in the queue.
	    at UserContext.apply (node_modules/zone.js/fesm2015/zone-testing.js:1719:27)
	    at _ZoneDelegate.invoke (node_modules/zone.js/fesm2015/zone.js:369:28)
	    at ProxyZoneSpec.onInvoke (node_modules/zone.js/fesm2015/zone-testing.js:2081:39)
	    at _ZoneDelegate.invoke (node_modules/zone.js/fesm2015/zone.js:368:34)
	    at ZoneImpl.run (node_modules/zone.js/fesm2015/zone.js:111:43)
	    at runInTestZone (node_modules/zone.js/fesm2015/zone-testing.js:216:38)
	    at UserContext.<anonymous> (node_modules/zone.js/fesm2015/zone-testing.js:234:32)
	    at <Jasmine>
Chrome Headless 145.0.0.0 (Windows 10): Executed 207 of 212[31m (12 FAILED)[39m (0 secs / 2.202 secs)
[1A[2KChrome Headless 145.0.0.0 (Windows 10): Executed 208 of 212[31m (12 FAILED)[39m (0 secs / 2.206 secs)
[1A[2KChrome Headless 145.0.0.0 (Windows 10): Executed 209 of 212[31m (12 FAILED)[39m (0 secs / 2.21 secs)
[1A[2KChrome Headless 145.0.0.0 (Windows 10): Executed 210 of 212[31m (12 FAILED)[39m (0 secs / 2.241 secs)
[1A[2KChrome Headless 145.0.0.0 (Windows 10): Executed 211 of 212[31m (12 FAILED)[39m (0 secs / 2.25 secs)
[1A[2KChrome Headless 145.0.0.0 (Windows 10): Executed 212 of 212[31m (12 FAILED)[39m (0 secs / 2.257 secs)
[1A[2KChrome Headless 145.0.0.0 (Windows 10): Executed 212 of 212[31m (12 FAILED)[39m (2.58 secs / 2.257 secs)
[31mTOTAL: 12 FAILED, 200 SUCCESS[39m
Γ£ö Browser application bundle generation complete.
Γ£ö Browser application bundle generation complete.
